Archive member included to satisfy reference by file (symbol)

c:/rt-threadstudio/repo/extract/toolchain_support_packages/arm/gnu_tools_for_arm_embedded_processors/5.4.1/bin/../lib/gcc/arm-none-eabi/5.4.1/../../../../arm-none-eabi/lib/armv7-ar/thumb\libstdc++.a(eh_personality.o)
                              ./rt-thread/components/cplusplus/Mutex.o (__gxx_personality_v0)
c:/rt-threadstudio/repo/extract/toolchain_support_packages/arm/gnu_tools_for_arm_embedded_processors/5.4.1/bin/../lib/gcc/arm-none-eabi/5.4.1/../../../../arm-none-eabi/lib/armv7-ar/thumb\libstdc++.a(eh_terminate.o)
                              c:/rt-threadstudio/repo/extract/toolchain_support_packages/arm/gnu_tools_for_arm_embedded_processors/5.4.1/bin/../lib/gcc/arm-none-eabi/5.4.1/../../../../arm-none-eabi/lib/armv7-ar/thumb\libstdc++.a(eh_personality.o) (std::terminate())
c:/rt-threadstudio/repo/extract/toolchain_support_packages/arm/gnu_tools_for_arm_embedded_processors/5.4.1/bin/../lib/gcc/arm-none-eabi/5.4.1/../../../../arm-none-eabi/lib/armv7-ar/thumb\libstdc++.a(eh_arm.o)
                              c:/rt-threadstudio/repo/extract/toolchain_support_packages/arm/gnu_tools_for_arm_embedded_processors/5.4.1/bin/../lib/gcc/arm-none-eabi/5.4.1/../../../../arm-none-eabi/lib/armv7-ar/thumb\libstdc++.a(eh_terminate.o) (__cxa_end_cleanup)
c:/rt-threadstudio/repo/extract/toolchain_support_packages/arm/gnu_tools_for_arm_embedded_processors/5.4.1/bin/../lib/gcc/arm-none-eabi/5.4.1/../../../../arm-none-eabi/lib/armv7-ar/thumb\libstdc++.a(class_type_info.o)
                              ./rt-thread/components/cplusplus/Thread.o (vtable for __cxxabiv1::__class_type_info)
c:/rt-threadstudio/repo/extract/toolchain_support_packages/arm/gnu_tools_for_arm_embedded_processors/5.4.1/bin/../lib/gcc/arm-none-eabi/5.4.1/../../../../arm-none-eabi/lib/armv7-ar/thumb\libstdc++.a(eh_call.o)
                              c:/rt-threadstudio/repo/extract/toolchain_support_packages/arm/gnu_tools_for_arm_embedded_processors/5.4.1/bin/../lib/gcc/arm-none-eabi/5.4.1/../../../../arm-none-eabi/lib/armv7-ar/thumb\libstdc++.a(eh_personality.o) (__cxa_call_terminate)
c:/rt-threadstudio/repo/extract/toolchain_support_packages/arm/gnu_tools_for_arm_embedded_processors/5.4.1/bin/../lib/gcc/arm-none-eabi/5.4.1/../../../../arm-none-eabi/lib/armv7-ar/thumb\libstdc++.a(eh_catch.o)
                              c:/rt-threadstudio/repo/extract/toolchain_support_packages/arm/gnu_tools_for_arm_embedded_processors/5.4.1/bin/../lib/gcc/arm-none-eabi/5.4.1/../../../../arm-none-eabi/lib/armv7-ar/thumb\libstdc++.a(eh_personality.o) (__cxa_begin_catch)
c:/rt-threadstudio/repo/extract/toolchain_support_packages/arm/gnu_tools_for_arm_embedded_processors/5.4.1/bin/../lib/gcc/arm-none-eabi/5.4.1/../../../../arm-none-eabi/lib/armv7-ar/thumb\libstdc++.a(eh_term_handler.o)
                              c:/rt-threadstudio/repo/extract/toolchain_support_packages/arm/gnu_tools_for_arm_embedded_processors/5.4.1/bin/../lib/gcc/arm-none-eabi/5.4.1/../../../../arm-none-eabi/lib/armv7-ar/thumb\libstdc++.a(eh_terminate.o) (__cxxabiv1::__terminate_handler)
c:/rt-threadstudio/repo/extract/toolchain_support_packages/arm/gnu_tools_for_arm_embedded_processors/5.4.1/bin/../lib/gcc/arm-none-eabi/5.4.1/../../../../arm-none-eabi/lib/armv7-ar/thumb\libstdc++.a(si_class_type_info.o)
                              c:/rt-threadstudio/repo/extract/toolchain_support_packages/arm/gnu_tools_for_arm_embedded_processors/5.4.1/bin/../lib/gcc/arm-none-eabi/5.4.1/../../../../arm-none-eabi/lib/armv7-ar/thumb\libstdc++.a(class_type_info.o) (vtable for __cxxabiv1::__si_class_type_info)
c:/rt-threadstudio/repo/extract/toolchain_support_packages/arm/gnu_tools_for_arm_embedded_processors/5.4.1/bin/../lib/gcc/arm-none-eabi/5.4.1/../../../../arm-none-eabi/lib/armv7-ar/thumb\libstdc++.a(eh_throw.o)
                              c:/rt-threadstudio/repo/extract/toolchain_support_packages/arm/gnu_tools_for_arm_embedded_processors/5.4.1/bin/../lib/gcc/arm-none-eabi/5.4.1/../../../../arm-none-eabi/lib/armv7-ar/thumb\libstdc++.a(eh_call.o) (__cxa_throw)
c:/rt-threadstudio/repo/extract/toolchain_support_packages/arm/gnu_tools_for_arm_embedded_processors/5.4.1/bin/../lib/gcc/arm-none-eabi/5.4.1/../../../../arm-none-eabi/lib/armv7-ar/thumb\libstdc++.a(eh_unex_handler.o)
                              c:/rt-threadstudio/repo/extract/toolchain_support_packages/arm/gnu_tools_for_arm_embedded_processors/5.4.1/bin/../lib/gcc/arm-none-eabi/5.4.1/../../../../arm-none-eabi/lib/armv7-ar/thumb\libstdc++.a(eh_terminate.o) (__cxxabiv1::__unexpected_handler)
c:/rt-threadstudio/repo/extract/toolchain_support_packages/arm/gnu_tools_for_arm_embedded_processors/5.4.1/bin/../lib/gcc/arm-none-eabi/5.4.1/../../../../arm-none-eabi/lib/armv7-ar/thumb\libstdc++.a(eh_globals.o)
[...]
Memory Configuration

Name             Origin             Length             Attributes
*default*        0x00000000         0xffffffff

Linker script and memory map

LOAD c:/rt-threadstudio/repo/extract/toolchain_support_packages/arm/gnu_tools_for_arm_embedded_processors/5.4.1/bin/../lib/gcc/arm-none-eabi/5.4.1/armv7-ar/thumb/crti.o
LOAD c:/rt-threadstudio/repo/extract/toolchain_support_packages/arm/gnu_tools_for_arm_embedded_processors/5.4.1/bin/../lib/gcc/arm-none-eabi/5.4.1/armv7-ar/thumb/crtbegin.o
LOAD c:/rt-threadstudio/repo/extract/toolchain_support_packages/arm/gnu_tools_for_arm_embedded_processors/5.4.1/bin/../lib/gcc/arm-none-eabi/5.4.1/../../../../arm-none-eabi/lib/armv7-ar/thumb/crt0.o
LOAD ./rt-thread/src/clock.o
LOAD ./rt-thread/src/components.o
LOAD ./rt-thread/src/cpu.o
LOAD ./rt-thread/src/device.o
LOAD ./rt-thread/src/idle.o
LOAD ./rt-thread/src/ipc.o
LOAD ./rt-thread/src/irq.o
LOAD ./rt-thread/src/kservice.o
LOAD ./rt-thread/src/mem.o
LOAD ./rt-thread/src/memheap.o
LOAD ./rt-thread/src/mempool.o
LOAD ./rt-thread/src/object.o
LOAD ./rt-thread/src/scheduler.o
LOAD ./rt-thread/src/signal.o
LOAD ./rt-thread/src/thread.o
LOAD ./rt-thread/src/timer.o
LOAD ./rt-thread/libcpu/arm/cortex-a/cache.o
LOAD ./rt-thread/libcpu/arm/cortex-a/context_gcc.o
LOAD ./rt-thread/libcpu/arm/cortex-a/cp15_gcc.o
LOAD ./rt-thread/libcpu/arm/cortex-a/cpu.o
LOAD ./rt-thread/libcpu/arm/cortex-a/gic.o
LOAD ./rt-thread/libcpu/arm/cortex-a/interrupt.o
LOAD ./rt-thread/libcpu/arm/cortex-a/mmu.o
LOAD ./rt-thread/libcpu/arm/cortex-a/pmu.o
LOAD ./rt-thread/libcpu/arm/cortex-a/stack.o
LOAD ./rt-thread/libcpu/arm/cortex-a/start_gcc.o
LOAD ./rt-thread/libcpu/arm/cortex-a/trap.o
LOAD ./rt-thread/libcpu/arm/cortex-a/vector_gcc.o
LOAD ./rt-thread/libcpu/arm/common/backtrace.o
LOAD ./rt-thread/libcpu/arm/common/div0.o
LOAD ./rt-thread/libcpu/arm/common/showmem.o
LOAD ./rt-thread/components/net/netdev/src/netdev.o
LOAD ./rt-thread/components/net/netdev/src/netdev_ipaddr.o
LOAD ./rt-thread/components/lwp/arch/arm/cortex-a/lwp_gcc.o
LOAD ./rt-thread/components/lwp/lwp.o
LOAD ./rt-thread/components/lwp/lwp_mem.o
LOAD ./rt-thread/components/lwp/lwp_memheap.o
LOAD ./rt-thread/components/lwp/lwp_syscall.o
LOAD ./rt-thread/components/libc/time/clock_time.o
LOAD ./rt-thread/components/libc/time/posix_sleep.o
LOAD ./rt-thread/components/libc/termios/posix_termios.o
LOAD ./rt-thread/components/libc/signal/posix_signal.o
LOAD ./rt-thread/components/libc/pthreads/mqueue.o
LOAD ./rt-thread/components/libc/pthreads/pthread.o
LOAD ./rt-thread/components/libc/pthreads/pthread_attr.o
LOAD ./rt-thread/components/libc/pthreads/pthread_barrier.o
LOAD ./rt-thread/components/libc/pthreads/pthread_cond.o
LOAD ./rt-thread/components/libc/pthreads/pthread_mutex.o
LOAD ./rt-thread/components/libc/pthreads/pthread_rwlock.o
LOAD ./rt-thread/components/libc/pthreads/pthread_spin.o
LOAD ./rt-thread/components/libc/pthreads/pthread_tls.o
LOAD ./rt-thread/components/libc/pthreads/sched.o
LOAD ./rt-thread/components/libc/pthreads/semaphore.o
LOAD ./rt-thread/components/libc/mmap/posix_mmap.o
LOAD ./rt-thread/components/libc/compilers/newlib/libc.o
LOAD ./rt-thread/components/libc/compilers/newlib/libc_syms.o
LOAD ./rt-thread/components/libc/compilers/newlib/stdio.o
LOAD ./rt-thread/components/libc/compilers/newlib/syscalls.o
LOAD ./rt-thread/components/libc/compilers/newlib/time.o
LOAD ./rt-thread/components/libc/aio/posix_aio.o
LOAD ./rt-thread/components/finsh/cmd.o
LOAD ./rt-thread/components/finsh/finsh_compiler.o
LOAD ./rt-thread/components/finsh/finsh_error.o
LOAD ./rt-thread/components/finsh/finsh_heap.o
LOAD ./rt-thread/components/finsh/finsh_init.o
LOAD ./rt-thread/components/finsh/finsh_node.o
LOAD ./rt-thread/components/finsh/finsh_ops.o
LOAD ./rt-thread/components/finsh/finsh_parser.o
LOAD ./rt-thread/components/finsh/finsh_token.o
LOAD ./rt-thread/components/finsh/finsh_var.o
LOAD ./rt-thread/components/finsh/finsh_vm.o
LOAD ./rt-thread/components/finsh/msh.o
LOAD ./rt-thread/components/finsh/msh_file.o
LOAD ./rt-thread/components/finsh/shell.o
LOAD ./rt-thread/components/drivers/watchdog/watchdog.o
LOAD ./rt-thread/components/drivers/src/completion.o
LOAD ./rt-thread/components/drivers/src/dataqueue.o
LOAD ./rt-thread/components/drivers/src/pipe.o
LOAD ./rt-thread/components/drivers/src/ringblk_buf.o
LOAD ./rt-thread/components/drivers/src/ringbuffer.o
LOAD ./rt-thread/components/drivers/src/waitqueue.o
LOAD ./rt-thread/components/drivers/src/workqueue.o
LOAD ./rt-thread/components/drivers/spi/sfud/src/sfud.o
LOAD ./rt-thread/components/drivers/spi/sfud/src/sfud_sfdp.o
LOAD ./rt-thread/components/drivers/spi/spi_core.o
LOAD ./rt-thread/components/drivers/spi/spi_dev.o
LOAD ./rt-thread/components/drivers/spi/spi_flash_sfud.o
LOAD ./rt-thread/components/drivers/spi/spi_msd.o
LOAD ./rt-thread/components/drivers/serial/serial.o
LOAD ./rt-thread/components/drivers/sdio/block_dev.o
LOAD ./rt-thread/components/drivers/sdio/mmc.o
LOAD ./rt-thread/components/drivers/sdio/mmcsd_core.o
LOAD ./rt-thread/components/drivers/sdio/sd.o
LOAD ./rt-thread/components/drivers/sdio/sdio.o
LOAD ./rt-thread/components/drivers/rtc/rtc.o
LOAD ./rt-thread/components/drivers/rtc/soft_rtc.o
LOAD ./rt-thread/components/drivers/mtd/mtd_nand.o
LOAD ./rt-thread/components/drivers/mtd/mtd_nor.o
LOAD ./rt-thread/components/drivers/misc/pin.o
LOAD ./rt-thread/components/drivers/i2c/i2c-bit-ops.o
LOAD ./rt-thread/components/drivers/i2c/i2c_core.o
LOAD ./rt-thread/components/drivers/i2c/i2c_dev.o
LOAD ./rt-thread/components/drivers/can/can.o
LOAD ./rt-thread/components/dfs/src/dfs.o
LOAD ./rt-thread/components/dfs/src/dfs_file.o
LOAD ./rt-thread/components/dfs/src/dfs_fs.o
LOAD ./rt-thread/components/dfs/src/dfs_posix.o
LOAD ./rt-thread/components/dfs/src/poll.o
LOAD ./rt-thread/components/dfs/src/select.o
LOAD ./rt-thread/components/dfs/filesystems/romfs/dfs_romfs.o
LOAD ./rt-thread/components/dfs/filesystems/romfs/romfs.o
LOAD ./rt-thread/components/dfs/filesystems/ramfs/dfs_ramfs.o
LOAD ./rt-thread/components/dfs/filesystems/elmfat/option/ccsbcs.o
LOAD ./rt-thread/components/dfs/filesystems/elmfat/dfs_elm.o
LOAD ./rt-thread/components/dfs/filesystems/elmfat/ff.o
LOAD ./rt-thread/components/dfs/filesystems/devfs/devfs.o
LOAD ./rt-thread/components/cplusplus/Mutex.o
LOAD ./rt-thread/components/cplusplus/Semaphore.o
LOAD ./rt-thread/components/cplusplus/Thread.o
LOAD ./rt-thread/components/cplusplus/crt.o
LOAD ./rt-thread/components/cplusplus/crt_init.o
LOAD ./drivers/board.o
LOAD ./drivers/drv_keyboard.o
LOAD ./drivers/drv_mouse.o
LOAD ./drivers/drv_sdio.o
LOAD ./drivers/drv_timer.o
LOAD ./drivers/secondary_cpu.o
LOAD ./drivers/serial.o
LOAD ./applications/lcd_init.o
LOAD ./applications/main.o
LOAD ./applications/mnt.o
LOAD c:/rt-threadstudio/repo/extract/toolchain_support_packages/arm/gnu_tools_for_arm_embedded_processors/5.4.1/bin/../lib/gcc/arm-none-eabi/5.4.1/../../../../arm-none-eabi/lib/armv7-ar/thumb\libstdc++.a
LOAD c:/rt-threadstudio/repo/extract/toolchain_support_packages/arm/gnu_tools_for_arm_embedded_processors/5.4.1/bin/../lib/gcc/arm-none-eabi/5.4.1/../../../../arm-none-eabi/lib/armv7-ar/thumb\libm.a
LOAD c:/rt-threadstudio/repo/extract/toolchain_support_packages/arm/gnu_tools_for_arm_embedded_processors/5.4.1/bin/../lib/gcc/arm-none-eabi/5.4.1/../../../../arm-none-eabi/lib/armv7-ar/thumb\libc.a
START GROUP
LOAD c:/rt-threadstudio/repo/extract/toolchain_support_packages/arm/gnu_tools_for_arm_embedded_processors/5.4.1/bin/../lib/gcc/arm-none-eabi/5.4.1/armv7-ar/thumb\libgcc.a
LOAD c:/rt-threadstudio/repo/extract/toolchain_support_packages/arm/gnu_tools_for_arm_embedded_processors/5.4.1/bin/../lib/gcc/arm-none-eabi/5.4.1/../../../../arm-none-eabi/lib/armv7-ar/thumb\libg.a
LOAD c:/rt-threadstudio/repo/extract/toolchain_support_packages/arm/gnu_tools_for_arm_embedded_processors/5.4.1/bin/../lib/gcc/arm-none-eabi/5.4.1/../../../../arm-none-eabi/lib/armv7-ar/thumb\libc.a
END GROUP
LOAD c:/rt-threadstudio/repo/extract/toolchain_support_packages/arm/gnu_tools_for_arm_embedded_processors/5.4.1/bin/../lib/gcc/arm-none-eabi/5.4.1/armv7-ar/thumb/crtend.o
LOAD c:/rt-threadstudio/repo/extract/toolchain_support_packages/arm/gnu_tools_for_arm_embedded_processors/5.4.1/bin/../lib/gcc/arm-none-eabi/5.4.1/armv7-ar/thumb/crtn.o
                0x60010000                . = 0x60010000
                0x60010000                __text_start = .

.text           0x60010000    0x53ad8
 *(.vectors)
 .vectors       0x60010000       0x40 ./rt-thread/libcpu/arm/cortex-a/vector_gcc.o
                0x60010000                system_vectors
 *(.text)
 .text          0x60010040      0x1c4 ./rt-thread/src/clock.o
                0x60010040                rt_system_tick_init
                0x60010058                rt_tick_get
                0x60010078                rt_tick_set
                0x600100b8                rt_tick_increase
                0x60010140                rt_tick_from_millisecond
 .text          0x60010204      0x1f0 ./rt-thread/src/components.o
                0x60010274                rt_components_board_init
                0x600102c8                rt_components_init
                0x6001031c                entry
                0x60010334                main_thread_entry
                0x6001035c                rt_application_init
                0x600103ac                rtthread_startup
 .text          0x600103f4      0x384 ./rt-thread/src/cpu.o
                0x600104b0                rt_spin_lock_init
                0x600104d8                rt_spin_lock
                0x60010504                rt_spin_unlock
                0x60010530                rt_spin_lock_irqsave
                0x6001056c                rt_spin_unlock_irqrestore
                0x600105a4                rt_cpu_self
                0x600105d4                rt_cpu_index
                0x60010610                rt_cpus_lock
                0x600106a0                rt_cpus_unlock
                0x6001072c                rt_cpus_lock_status_restore
 .text          0x60010778      0x7c0 ./rt-thread/src/device.o
                0x600107ec                rt_device_register
                0x6001089c                rt_device_unregister
                0x600108c8                rt_device_init_all
                0x600108e4                rt_device_find
                0x600109b0                rt_device_create
                0x60010a38                rt_device_destroy
                0x60010a68                rt_device_init
                0x60010b10                rt_device_open
                0x60010c90                rt_device_close
                0x60010d50                rt_device_read
                0x60010de0                rt_device_write
                0x60010e70                rt_device_control
                0x60010ed0                rt_device_set_rx_indicate
                0x60010f04                rt_device_set_tx_complete
 .text          0x60010f38      0x468 ./rt-thread/src/idle.o
                0x60010f9c                rt_thread_idle_sethook
                0x60011030                rt_thread_idle_delhook
                0x6001110c                rt_thread_idle_excute
                0x6001127c                rt_thread_idle_init
                0x60011374                rt_thread_idle_gethandler
 .text          0x600113a0     0x273c ./rt-thread/src/ipc.o
                0x6001164c                rt_sem_init
                0x600116b4                rt_sem_detach
                0x600116f0                rt_sem_create
                0x60011768                rt_sem_delete
                0x600117a4                rt_sem_take
                0x60011904                rt_sem_trytake
                0x60011930                rt_sem_release
                0x600119e8                rt_sem_control
                0x60011a68                rt_mutex_init
                0x60011af0                rt_mutex_detach
                0x60011b2c                rt_mutex_create
                0x60011bc0                rt_mutex_delete
                0x60011bfc                rt_mutex_take
                0x60011e44                rt_mutex_release
                0x60011ffc                rt_mutex_control
                0x60012028                rt_event_init
                0x6001208c                rt_event_detach
                0x600120c8                rt_event_create
                0x60012138                rt_event_delete
                0x60012174                rt_event_send
                0x60012358                rt_event_recv
                0x600125bc                rt_event_control
                0x60012630                rt_mb_init
                0x600126d8                rt_mb_detach
                0x60012724                rt_mb_create
                0x60012814                rt_mb_delete
                0x60012870                rt_mb_send_wait
                0x60012af8                rt_mb_send
                0x60012b2c                rt_mb_recv
                0x60012e0c                rt_mb_control
                0x60012ea8                rt_mq_init
                0x60012ff0                rt_mq_detach
                0x6001303c                rt_mq_create
                0x600131c0                rt_mq_delete
                0x6001321c                rt_mq_send_wait
                0x60013500                rt_mq_send
                0x6001353c                rt_mq_urgent
                0x600136c8                rt_mq_recv
                0x600139ec                rt_mq_control
 .text          0x60013adc      0x164 ./rt-thread/src/irq.o
                0x60013adc                rt_interrupt_enter_sethook
                0x60013b0c                rt_interrupt_leave_sethook
                0x60013b3c                rt_interrupt_enter
                0x60013ba0                rt_interrupt_leave
                0x60013c04                rt_interrupt_get_nest
 .text          0x60013c40     0x1d2c ./rt-thread/src/kservice.o
                0x60013c40                rt_get_errno
                0x60013ca4                rt_set_errno
                0x60013d14                _rt_errno
                0x60013d70                rt_memset
                0x60013ed0                rt_memcpy
                0x60014068                rt_memmove
                0x60014164                rt_memcmp
                0x6001420c                rt_strstr
                0x600142b8                rt_strcasecmp
                0x60014374                rt_strncpy
                0x60014434                rt_strncmp
                0x600144c4                rt_strcmp
                0x60014544                rt_strnlen
                0x600145b8                rt_strlen
                0x6001460c                rt_strdup
                0x60014670                rt_show_version
                0x60014b44                rt_vsnprintf
                0x6001540c                rt_snprintf
                0x6001545c                rt_vsprintf
                0x60015498                rt_sprintf
                0x600154e0                rt_console_get_device
                0x60015504                rt_console_set_device
                0x60015590                rt_hw_console_output
                0x600155b0                rt_kputs
                0x60015674                rt_kprintf
                0x60015768                rt_malloc_align
                0x60015860                rt_free_align
                0x60015894                __rt_ffs
 .text          0x6001596c     0x11d4 ./rt-thread/src/mem.o
                0x6001596c                rt_malloc_sethook
                0x6001599c                rt_free_sethook
                0x60015c10                rt_system_heap_init
                0x60015dec                rt_malloc
                0x60016208                rt_realloc
                0x600164ac                rt_calloc
                0x60016510                rt_free
                0x600166b0                rt_memory_info
                0x60016738                list_mem
                0x6001679c                memcheck
                0x6001692c                memtrace
 .text          0x60016b40      0xcc8 ./rt-thread/src/memheap.o
                0x60016b40                rt_memheap_init
                0x60016d78                rt_memheap_detach
                0x60016db4                rt_memheap_alloc
                0x60017108                rt_memheap_realloc
                0x600175f8                rt_memheap_free
 .text          0x60017808      0x7dc ./rt-thread/src/mempool.o
                0x600178dc                rt_mp_alloc_sethook
                0x6001790c                rt_mp_free_sethook
                0x6001793c                rt_mp_init
                0x60017a88                rt_mp_detach
                0x60017b10                rt_mp_create
                0x60017c88                rt_mp_delete
                0x60017d20                rt_mp_alloc
                0x60017ee4                rt_mp_free
 .text          0x60017fe4      0x688 ./rt-thread/src/object.o
                0x600180a4                rt_object_attach_sethook
                0x600180d4                rt_object_detach_sethook
                0x60018104                rt_object_trytake_sethook
                0x60018134                rt_object_take_sethook
                0x60018164                rt_object_put_sethook
                0x60018194                rt_system_object_init
                0x600181ac                rt_object_get_information
                0x6001822c                rt_object_init
                0x60018330                rt_object_detach
                0x600183a0                rt_object_allocate
                0x60018498                rt_object_delete
                0x60018510                rt_object_is_systemobject
                0x60018550                rt_object_get_type
                0x60018580                rt_object_find
 .text          0x6001866c      0xdcc ./rt-thread/src/scheduler.o
                0x600187a4                rt_scheduler_sethook
                0x60018958                rt_system_scheduler_init
                0x60018a44                rt_system_scheduler_start
                0x60018a9c                rt_scheduler_ipi_handler
                0x60018ac0                rt_schedule
                0x60018d64                rt_scheduler_do_irq_switch
                0x60018ffc                rt_schedule_insert_thread
                0x600191a8                rt_schedule_remove_thread
                0x600192ac                rt_enter_critical
                0x60019344                rt_exit_critical
                0x60019408                rt_critical_level
 .text          0x60019438      0xd40 ./rt-thread/src/signal.o
                0x6001970c                rt_signal_check
                0x600197e8                rt_signal_install
                0x60019908                rt_signal_mask
                0x60019960                rt_signal_unmask
                0x600199e4                rt_signal_wait
                0x60019c80                rt_thread_handle_sig
                0x60019e10                rt_thread_alloc_sig
                0x60019e94                rt_thread_free_sig
                0x60019f50                rt_thread_kill
                0x6001a140                rt_system_signal_init
 .text          0x6001a178      0xcd4 ./rt-thread/src/thread.o
                0x6001a274                rt_thread_suspend_sethook
                0x6001a2a4                rt_thread_resume_sethook
                0x6001a2d4                rt_thread_inited_sethook
                0x6001a304                rt_thread_exit
                0x6001a5a4                rt_thread_init
                0x6001a614                rt_thread_self
                0x6001a650                rt_thread_startup
                0x6001a6c8                rt_thread_detach
                0x6001a778                rt_thread_create
                0x6001a824                rt_thread_delete
                0x6001a8a4                rt_thread_yield
                0x6001a8bc                rt_thread_sleep
                0x6001a944                rt_thread_delay
                0x6001a96c                rt_thread_delay_until
                0x6001aa58                rt_thread_mdelay
                0x6001aa8c                rt_thread_control
                0x6001abdc                rt_thread_suspend
                0x6001ac98                rt_thread_resume
                0x6001ad34                rt_thread_timeout
                0x6001ad80                rt_thread_find
 .text          0x6001ae4c      0xd28 ./rt-thread/src/timer.o
                0x6001af84                rt_timer_enter_sethook
                0x6001afb4                rt_timer_exit_sethook
                0x6001b154                rt_timer_init
                0x6001b1a8                rt_timer_detach
                0x6001b1e8                rt_timer_create
                0x6001b254                rt_timer_delete
                0x6001b294                rt_timer_start
                0x6001b5c8                rt_timer_stop
                0x6001b660                rt_timer_control
                0x6001b70c                rt_timer_check
                0x6001b868                rt_timer_next_timeout_tick
                0x6001b888                rt_soft_timer_check
                0x6001ba74                rt_system_timer_init
                0x6001bacc                rt_system_timer_thread_init
 .text          0x6001bb74       0x24 ./rt-thread/libcpu/arm/cortex-a/context_gcc.o
                0x6001bb74                rt_hw_local_irq_disable
                0x6001bb80                rt_hw_local_irq_enable
                0x6001bb88                rt_hw_context_switch_to
 .text          0x6001bb98      0x154 ./rt-thread/libcpu/arm/cortex-a/cp15_gcc.o
                0x6001bb98                rt_cpu_get_smp_id
                0x6001bba0                rt_cpu_vector_set_base
                0x6001bbb8                rt_hw_cpu_dcache_enable
                0x6001bbc8                rt_hw_cpu_icache_enable
                0x6001bbe0                rt_cpu_dcache_clean_flush
                0x6001bc74                rt_cpu_icache_flush
                0x6001bc88                rt_hw_cpu_dcache_disable
                0x6001bca4                rt_hw_cpu_icache_disable
                0x6001bcb4                rt_cpu_mmu_disable
                0x6001bccc                rt_cpu_mmu_enable
                0x6001bce0                rt_cpu_tlb_set
 .text          0x6001bcec      0x158 ./rt-thread/libcpu/arm/cortex-a/cpu.o
                0x6001bcec                rt_hw_cpu_id
                0x6001bd20                rt_hw_spin_lock_init
                0x6001bd4c                rt_hw_spin_lock
                0x6001bdc4                rt_hw_spin_unlock
                0x6001be08                rt_hw_cpu_shutdown
 .text          0x6001be44     0x1010 ./rt-thread/libcpu/arm/cortex-a/gic.o
                0x6001be44                arm_gic_get_active_irq
                0x6001bed4                arm_gic_ack
                0x6001c048                arm_gic_mask
                0x6001c124                arm_gic_clear_pending
                0x6001c200                arm_gic_clear_active
                0x6001c2dc                arm_gic_set_cpu
                0x6001c450                arm_gic_umask
                0x6001c52c                arm_gic_dump_type
                0x6001c640                arm_gic_dump
                0x6001c87c                arm_gic_dist_init
                0x6001cb7c                arm_gic_cpu_init
                0x6001cc08                arm_gic_set_group
                0x6001cdd0                rt_hw_ipi_send
                0x6001ce1c                rt_hw_ipi_handler_install
 .text          0x6001ce54      0x24c ./rt-thread/libcpu/arm/cortex-a/interrupt.o
                0x6001ce94                rt_hw_vector_init
                0x6001ceb4                rt_hw_interrupt_init
                0x6001cf1c                rt_hw_interrupt_mask
                0x6001cf44                rt_hw_interrupt_umask
                0x6001cf6c                rt_hw_interrupt_get_irq
                0x6001cf8c                rt_hw_interrupt_ack
                0x6001cfb4                rt_hw_interrupt_install
 .text          0x6001d0a0      0x590 ./rt-thread/libcpu/arm/cortex-a/mmu.o
                0x6001d0a0                rt_hw_cpu_dump_page_table_2nd
                0x6001d24c                rt_hw_cpu_dump_page_table
                0x6001d490                rt_hw_mmu_setmtt
                0x6001d548                rt_hw_set_domain_register
                0x6001d57c                rt_hw_init_mmu_table
                0x6001d5e8                rt_hw_mmu_init
 .text          0x6001d630      0x25c ./rt-thread/libcpu/arm/cortex-a/stack.o
                0x6001d630                rt_hw_stack_init
 .text          0x6001d88c       0xdc ./rt-thread/libcpu/arm/cortex-a/start_gcc.o
                0x6001d88c                _reset
 .text          0x6001d968      0x39c ./rt-thread/libcpu/arm/cortex-a/trap.o
                0x6001d968                rt_hw_show_register
                0x6001da78                rt_hw_trap_undef
                0x6001dab0                rt_hw_trap_swi
                0x6001dae8                rt_hw_trap_pabt
                0x6001db20                rt_hw_trap_dabt
                0x6001db58                rt_hw_trap_resv
                0x6001db90                rt_hw_trap_irq
                0x6001dc80                rt_hw_trap_fiq
 .text          0x6001dd04     0x1e0c ./rt-thread/components/net/netdev/src/netdev.o
                0x6001de44                netdev_register
                0x6001dfb8                netdev_unregister
                0x6001e120                netdev_get_first_by_flags
                0x6001e1ec                netdev_get_by_ipaddr
                0x6001e2b0                netdev_get_by_name
                0x6001e394                netdev_set_default
                0x6001e3f4                netdev_set_up
                0x6001e470                netdev_set_down
                0x6001e4ec                netdev_dhcp_enabled
                0x6001e588                netdev_set_ipaddr
                0x6001e614                netdev_set_netmask
                0x6001e6a0                netdev_set_gw
                0x6001e72c                netdev_set_dns_server
                0x6001e7b4                netdev_set_status_callback
                0x6001e7e4                netdev_set_addr_callback
                0x6001e814                netdev_low_level_set_ipaddr
                0x6001e88c                netdev_low_level_set_netmask
                0x6001e904                netdev_low_level_set_gw
                0x6001e97c                netdev_low_level_set_dns_server
                0x6001eab4                netdev_low_level_set_status
                0x6001eb7c                netdev_low_level_set_link_status
                0x6001ec70                netdev_low_level_set_dhcp_status
                0x6001f264                netdev_ifconfig
                0x6001f35c                netdev_cmd_ping
                0x6001f6f0                netdev_ping
                0x6001f910                netdev_dns
                0x6001facc                netdev_netstat
 .text          0x6001fb10      0x6f4 ./rt-thread/components/net/netdev/src/netdev_ipaddr.o
                0x6001fb10                netdev_ip4addr_aton
                0x6001ff2c                netdev_ip4addr_ntoa_r
                0x600200e0                netdev_ip4addr_ntoa
                0x60020114                netdev_ipaddr_addr
                0x60020158                netdev_inet_ntop
                0x600201b0                netdev_inet_pton
 .text          0x60020204       0x60 ./rt-thread/components/lwp/arch/arm/cortex-a/lwp_gcc.o
                0x60020204                lwp_user_entry
                0x60020220                vector_swi
 .text          0x60020264      0x7f8 ./rt-thread/components/lwp/lwp.o
                0x60020264                lwp_set_kernel_sp
                0x6002029c                lwp_get_kernel_sp
                0x60020900                rt_lwp_self
                0x6002091c                exec
 .text          0x60020a5c      0x584 ./rt-thread/components/lwp/lwp_mem.o
                0x60020ce4                rt_lwp_mem_init
                0x60020d10                rt_lwp_mem_deinit
                0x60020d74                rt_lwp_mem_malloc
                0x60020e60                rt_lwp_mem_free
                0x60020ed4                rt_lwp_mem_realloc
 .text          0x60020fe0      0xcd8 ./rt-thread/components/lwp/lwp_memheap.o
                0x60020fe0                rt_lwp_memheap_init
                0x60021204                rt_lwp_memheap_alloc
                0x60021558                rt_lwp_memheap_realloc
                0x60021a48                rt_lwp_memheap_free
                0x60021c58                rt_lwp_memheap_is_empty
                0x60021c9c                rt_lwp_memheap_unavailable_size_get
 .text          0x60021cb8      0x678 ./rt-thread/components/lwp/lwp_syscall.o
                0x60021d18                sys_exit
                0x60021d50                sys_read
                0x60021d88                sys_write
                0x60021dc0                sys_lseek
                0x60021df8                sys_open
                0x60021e34                sys_close
                0x60021e5c                sys_ioctl
                0x60021e98                sys_nanosleep
                0x60021f7c                sys_getpriority
                0x60021fdc                sys_setpriority
                0x60022068                sys_gettimeofday
                0x600220f4                sys_settimeofday
                0x6002211c                sys_msgget
                0x60022144                sys_msgsend
                0x60022174                sys_msgrcv
                0x600221a4                sys_log
                0x600221f0                sys_malloc
                0x60022218                sys_free
                0x6002223c                sys_realloc
                0x6002226c                sys_fstat
                0x6002229c                sys_notimpl
                0x600222b8                lwp_get_sys_api
 .text          0x60022330      0x46c ./rt-thread/components/libc/time/clock_time.o
                0x60022330                clock_time_system_init
                0x600223f8                clock_time_to_tick
                0x60022508                clock_getres
                0x60022590                clock_gettime
                0x60022690                clock_settime
 .text          0x6002279c      0x320 ./rt-thread/components/libc/termios/posix_termios.o
                0x6002279c                tcgetattr
                0x600227e4                tcsetattr
                0x60022880                tcgetsid
                0x600228a4                cfgetospeed
                0x600228d4                cfgetispeed
                0x600228fc                cfsetospeed
                0x6002297c                cfsetispeed
                0x600229c0                tcsendbreak
                0x600229e8                tcflush
                0x60022a20                tcflow
                0x60022a58                tcdrain
                0x60022a7c                isatty
 .text          0x60022abc      0x308 ./rt-thread/components/libc/signal/posix_signal.o
                0x60022abc                signal
                0x60022aec                sigprocmask
                0x60022bcc                sigaction
                0x60022c78                sigtimedwait
                0x60022d00                sigwait
                0x60022d5c                sigwaitinfo
                0x60022d90                raise
 .text          0x60022dc4      0x7e8 ./rt-thread/components/libc/pthreads/mqueue.o
                0x60022dc4                posix_mq_system_init
                0x60022fa4                mq_setattr
                0x60022fd4                mq_getattr
                0x60023068                mq_open
                0x6002324c                mq_receive
                0x600232d8                mq_send
                0x60023364                mq_timedreceive
                0x60023414                mq_timedsend
                0x60023454                mq_notify
                0x60023480                mq_close
                0x60023518                mq_unlink
 .text          0x600235ac      0xf34 ./rt-thread/components/libc/pthreads/pthread.o
                0x600235ac                _pthread_get_data
                0x60023638                _pthread_data_get_pth
                0x600236b8                _pthread_data_create
                0x600237cc                _pthread_data_destroy
                0x600238d8                pthread_system_init
                0x600239e4                pthread_create
                0x60023ca4                pthread_detach
                0x60023dc8                pthread_join
                0x60023e8c                pthread_self
                0x60023edc                pthread_exit
                0x60024050                pthread_once
                0x600240a4                pthread_atfork
                0x600240d0                pthread_kill
                0x60024128                pthread_sigmask
                0x60024160                pthread_cleanup_pop
                0x60024208                pthread_cleanup_push
                0x600242a0                pthread_setcancelstate
                0x6002433c                pthread_setcanceltype
                0x600243dc                pthread_testcancel
                0x60024454                pthread_cancel
 .text          0x600244e0      0x3f8 ./rt-thread/components/libc/pthreads/pthread_attr.o
                0x600244e0                pthread_attr_init
                0x60024524                pthread_attr_destroy
                0x60024554                pthread_attr_setdetachstate
                0x600245a8                pthread_attr_getdetachstate
                0x600245e0                pthread_attr_setschedpolicy
                0x60024614                pthread_attr_getschedpolicy
                0x6002464c                pthread_attr_setschedparam
                0x60024684                pthread_attr_getschedparam
                0x600246bc                pthread_attr_setstacksize
                0x600246f0                pthread_attr_getstacksize
                0x6002472c                pthread_attr_setstackaddr
                0x60024754                pthread_attr_getstackaddr
                0x6002477c                pthread_attr_setstack
                0x600247c4                pthread_attr_getstack
                0x60024814                pthread_attr_setguardsize
                0x6002483c                pthread_attr_getguardsize
                0x60024864                pthread_attr_setscope
                0x600248b4                pthread_attr_getscope
 .text          0x600248d8      0x298 ./rt-thread/components/libc/pthreads/pthread_tls.o
                0x600248d8                pthread_key_system_init
                0x600248fc                pthread_getspecific
                0x6002499c                pthread_setspecific
                0x60024a54                pthread_key_create
                0x60024b04                pthread_key_delete
 .text          0x60024b70      0x900 ./rt-thread/components/libc/pthreads/semaphore.o
                0x60024b70                posix_sem_system_init
                0x60024d50                sem_close
                0x60024df0                sem_destroy
                0x60024e9c                sem_unlink
                0x60024f30                sem_getvalue
                0x60024f94                sem_init
                0x60025094                sem_open
                0x60025268                sem_post
                0x600252d4                sem_timedwait
                0x60025374                sem_trywait
                0x60025400                sem_wait
 .text          0x60025470       0x58 ./rt-thread/components/libc/compilers/newlib/libc.o
                0x60025470                libc_system_init
 .text          0x600254c8      0x23c ./rt-thread/components/libc/compilers/newlib/stdio.o
                0x600254c8                libc_stdio_set_console
                0x600256c0                libc_stdio_get_console
 .text          0x60025704      0x738 ./rt-thread/components/libc/compilers/newlib/syscalls.o
                0x60025704                __errno
                0x6002571c                _close_r
                0x60025748                _execve_r
                0x60025784                _fcntl_r
                0x600257c0                _fork_r
                0x600257f0                _fstat_r
                0x60025828                _getpid_r
                0x6002584c                _isatty_r
                0x600258a0                _kill_r
                0x600258d8                _link_r
                0x60025910                _lseek_r
                0x60025950                _mkdir_r
                0x6002598c                _open_r
                0x600259cc                _read_r
                0x60025a0c                _rename_r
                0x60025a44                _sbrk_r
                0x60025a6c                _stat_r
                0x60025aa4                _times_r
                0x60025ad8                _unlink_r
                0x60025b08                _wait_r
                0x60025b3c                _write_r
                0x60025b7c                _gettimeofday_r
                0x60025c10                _malloc_r
                0x60025c58                _realloc_r
                0x60025ca8                _calloc_r
                0x60025cf8                _free_r
                0x60025d20                exit
                0x60025d50                _system
                0x60025d70                __libc_init_array
                0x60025d88                abort
                0x60025dd4                getuid
                0x60025df0                umask
                0x60025e14                flock
 .text          0x60025e3c      0x15c ./rt-thread/components/libc/compilers/newlib/time.o
                0x60025e3c                gettimeofday
                0x60025ea8                time
                0x60025f80                clock
 .text          0x60025f98      0x6c0 ./rt-thread/components/libc/aio/posix_aio.o
                0x60026040                aio_cancel
                0x600260dc                aio_error
                0x6002619c                aio_fsync
                0x600262fc                aio_read
                0x600263a8                aio_return
                0x60026400                aio_suspend
                0x60026508                aio_write
                0x600265f0                lio_listio
                0x60026620                aio_system_init
 .text          0x60026658     0x1da0 ./rt-thread/components/finsh/cmd.o
                0x600266f8                hello
                0x60026718                version
                0x6002696c                list_thread
                0x60026d00                list_sem
                0x60026ee4                list_event
                0x600270a8                list_mutex
                0x60027224                list_mailbox
                0x60027428                list_msgqueue
                0x6002760c                list_memheap
                0x6002776c                list_mempool
                0x6002798c                list_timer
                0x60027b28                list_device
                0x60027ca8                list
                0x60027f54                list_prefix
 .text          0x600283f8     0x3bcc ./rt-thread/components/finsh/finsh_compiler.o
                0x6002becc                finsh_compiler_run
 .text          0x6002bfc4       0xbc ./rt-thread/components/finsh/finsh_error.o
                0x6002bfc4                finsh_error_init
                0x6002bff0                finsh_error_set
                0x6002c028                finsh_errno
                0x6002c04c                finsh_error_string
 .text          0x6002c080      0x6f0 ./rt-thread/components/finsh/finsh_heap.o
                0x6002c080                finsh_heap_init
                0x6002c0f4                finsh_heap_allocate
                0x6002c224                finsh_heap_free
 .text          0x6002c770       0xbc ./rt-thread/components/finsh/finsh_init.o
                0x6002c770                finsh_init
                0x6002c7a8                finsh_stack_bottom
                0x6002c7cc                finsh_flush
                0x6002c7fc                finsh_reset
 .text          0x6002c82c      0x430 ./rt-thread/components/finsh/finsh_node.o
                0x6002c82c                finsh_node_init
                0x6002c854                finsh_node_allocate
                0x6002c920                finsh_node_new_id
                0x6002ca58                finsh_node_new_char
                0x6002cab0                finsh_node_new_int
                0x6002cb04                finsh_node_new_long
                0x6002cb58                finsh_node_new_string
                0x6002cc08                finsh_node_new_ptr
 .text          0x6002cc5c     0x1c78 ./rt-thread/components/finsh/finsh_ops.o
                0x6002cc5c                OP_no_op
                0x6002cc74                OP_add_byte
                0x6002ccec                OP_add_word
                0x6002cd70                OP_add_dword
                0x6002cde4                OP_sub_byte
                0x6002ce5c                OP_sub_word
                0x6002cee0                OP_sub_dword
                0x6002cf54                OP_div_byte
                0x6002cfd0                OP_div_word
                0x6002d050                OP_div_dword
                0x6002d0c8                OP_mod_byte
                0x6002d144                OP_mod_word
                0x6002d1c4                OP_mod_dword
                0x6002d23c                OP_mul_byte
                0x6002d2b4                OP_mul_word
                0x6002d338                OP_mul_dword
                0x6002d3ac                OP_and_byte
                0x6002d424                OP_and_word
                0x6002d49c                OP_and_dword
                0x6002d510                OP_or_byte
                0x6002d588                OP_or_word
                0x6002d600                OP_or_dword
                0x6002d674                OP_xor_byte
                0x6002d6ec                OP_xor_word
                0x6002d764                OP_xor_dword
                0x6002d7d8                OP_bw_byte
                0x6002d820                OP_bw_word
                0x6002d868                OP_bw_dword
                0x6002d8ac                OP_shl_byte
                0x6002d928                OP_shl_word
                0x6002d9a4                OP_shl_dword
                0x6002da18                OP_shr_byte
                0x6002da94                OP_shr_word
                0x6002db10                OP_shr_dword
                0x6002db84                OP_ld_byte
                0x6002dbf4                OP_ld_word
                0x6002dc8c                OP_ld_dword
                0x6002dd54                OP_ld_value_byte
                0x6002de2c                OP_ld_value_byte_stack
                0x6002de7c                OP_ld_value_word
                0x6002df54                OP_ld_value_word_stack
                0x6002dfa4                OP_ld_value_dword
                0x6002e07c                OP_ld_value_dword_stack
                0x6002e0cc                OP_st_byte
                0x6002e130                OP_st_word
                0x6002e194                OP_st_dword
                0x6002e1f8                OP_pop
                0x6002e22c                OP_call
 .text          0x6002e8d4     0x1748 ./rt-thread/components/finsh/finsh_parser.o
                0x6002fd78                finsh_parser_run
                0x6002ffec                finsh_parser_init
 .text          0x6003001c     0x12b4 ./rt-thread/components/finsh/finsh_token.o
                0x6003001c                finsh_token_init
                0x60030058                finsh_token_token
                0x600300a4                finsh_token_get_token
                0x600300dc                token_get_string
 .text          0x600312d0      0x4c8 ./rt-thread/components/finsh/finsh_var.o
                0x600312d0                finsh_var_init
                0x600312f8                finsh_var_insert
                0x60031458                finsh_var_delete
                0x6003152c                finsh_var_lookup
                0x600315ec                finsh_sysvar_append
                0x600316b0                finsh_sysvar_lookup
 .text          0x60031798      0x25c ./rt-thread/components/finsh/finsh_vm.o
                0x60031798                finsh_vm_run
                0x6003185c                finsh_syscall_append
                0x6003190c                finsh_syscall_lookup
 .text          0x600319f4      0xee4 ./rt-thread/components/finsh/msh.o
                0x600319f4                msh_is_used
                0x60031a7c                msh_help
                0x60031b44                cmd_ps
                0x60031b6c                cmd_free
                0x6003217c                msh_exec
                0x6003233c                msh_auto_complete_path
                0x60032710                msh_auto_complete
 .text          0x600328d8      0xb5c ./rt-thread/components/finsh/msh_file.o
                0x60032a08                msh_exec_script
                0x60032c70                cmd_ls
                0x60032cc4                cmd_cp
                0x60032d34                cmd_mv
                0x60032f44                cmd_cat
                0x60032fd8                cmd_rm
                0x6003306c                cmd_cd
                0x600330fc                cmd_pwd
                0x60033134                cmd_mkdir
                0x60033198                cmd_mkfs
                0x6003328c                cmd_df
                0x60033340                cmd_echo
 .text          0x60033434     0x1694 ./rt-thread/components/finsh/shell.o
                0x60033434                finsh_set_prompt
                0x600334ec                finsh_get_prompt
                0x6003364c                finsh_get_prompt_mode
                0x6003367c                finsh_set_prompt_mode
                0x6003374c                finsh_set_echo
                0x60033794                finsh_get_echo
                0x6003382c                finsh_run_line
                0x60033c1c                finsh_thread_entry
                0x60034934                finsh_system_function_init
                0x60034978                finsh_system_var_init
                0x600349bc                finsh_system_init
 .text          0x60034ac8      0x2a8 ./rt-thread/components/drivers/src/completion.o
                0x60034b9c                rt_completion_init
                0x60034be4                rt_completion_wait
                0x60034ce0                rt_completion_done
 .text          0x60034d70      0x830 ./rt-thread/components/drivers/src/dataqueue.o
                0x60034e44                rt_data_queue_init
                0x60034f00                rt_data_queue_push
                0x60035140                rt_data_queue_pop
                0x600353d4                rt_data_queue_peak
                0x600354c0                rt_data_queue_reset
 .text          0x600355a0      0x3fc ./rt-thread/components/drivers/src/waitqueue.o
                0x600356d8                rt_wqueue_add
                0x60035724                rt_wqueue_remove
                0x60035760                __wqueue_default_wake
                0x60035788                rt_wqueue_wakeup
                0x6003586c                rt_wqueue_wait
 .text          0x6003599c      0xc10 ./rt-thread/components/drivers/src/workqueue.o
                0x600360e8                rt_workqueue_create
                0x600361d4                rt_workqueue_destroy
                0x6003620c                rt_workqueue_dowork
                0x6003623c                rt_workqueue_submit_work
                0x600362c0                rt_workqueue_critical_work
                0x6003636c                rt_workqueue_cancel_work
                0x600363c0                rt_workqueue_cancel_work_sync
                0x60036444                rt_workqueue_cancel_all_work
                0x600364a8                rt_delayed_work_init
                0x600364e0                rt_work_submit
                0x60036520                rt_work_cancel
                0x60036558                rt_work_sys_workqueue_init
 .text          0x600365ac     0x1a88 ./rt-thread/components/drivers/spi/sfud/src/sfud.o
                0x600365ac                sfud_device_init
                0x60036658                sfud_init
                0x60036708                sfud_get_device
                0x60036758                sfud_get_device_num
                0x60036774                sfud_get_device_table
                0x60036d54                sfud_read
                0x60036e8c                sfud_chip_erase
                0x60036ff0                sfud_erase
                0x600378bc                sfud_write
                0x6003795c                sfud_erase_write
                0x60037d68                sfud_read_status
                0x60037f38                sfud_write_status
 .text          0x60038034      0x9b8 ./rt-thread/components/drivers/spi/sfud/src/sfud_sfdp.o
                0x60038034                sfud_read_sfdp
                0x600388e4                sfud_sfdp_get_suitable_eraser
 .text          0x600389ec      0xa74 ./rt-thread/components/drivers/spi/spi_core.o
                0x600389ec                rt_spi_bus_register
                0x60038a74                rt_spi_bus_attach_device
                0x60038b24                rt_spi_configure
                0x60038c08                rt_spi_send_then_send
                0x60038de0                rt_spi_send_then_recv
                0x60038fb8                rt_spi_transfer
                0x6003911c                rt_spi_transfer_message
                0x60039270                rt_spi_take_bus
                0x6003935c                rt_spi_release_bus
                0x60039390                rt_spi_take
                0x600393f8                rt_spi_release
 .text          0x60039460      0x260 ./rt-thread/components/drivers/spi/spi_dev.o
                0x6003953c                rt_spi_bus_device_init
                0x60039668                rt_spidev_device_init
 .text          0x600396c0     0x1978 ./rt-thread/components/drivers/spi/spi_flash_sfud.o
                0x60039b98                sfud_log_debug
                0x60039c0c                sfud_log_info
                0x60039c70                sfud_spi_port_init
                0x60039d04                rt_sfud_flash_probe
                0x6003a050                rt_sfud_flash_delete
                0x6003a0c8                rt_sfud_flash_find
                0x6003a188                rt_sfud_flash_find_by_dev_name
 .text          0x6003b038     0x2250 ./rt-thread/components/drivers/serial/serial.o
                0x6003ce38                rt_hw_serial_register
                0x6003ced8                rt_hw_serial_isr
 .text          0x6003d288      0xe44 ./rt-thread/components/drivers/sdio/block_dev.o
                0x6003d348                mmcsd_num_wr_blocks
                0x6003dc68                rt_mmcsd_blk_probe
                0x6003dfd8                rt_mmcsd_blk_remove
                0x6003e0b0                rt_mmcsd_blk_init
 .text          0x6003e0cc     0x13e0 ./rt-thread/components/drivers/sdio/mmc.o
                0x6003ee4c                mmc_send_op_cond
                0x6003f388                init_mmc
 .text          0x6003f4ac     0x1520 ./rt-thread/components/drivers/sdio/mmcsd_core.o
                0x6003f5f8                mmcsd_host_lock
                0x6003f628                mmcsd_host_unlock
                0x6003f654                mmcsd_req_complete
                0x6003f680                mmcsd_send_request
                0x6003f7b0                mmcsd_send_cmd
                0x6003f838                mmcsd_go_idle
                0x6003f8f4                mmcsd_spi_read_ocr
                0x6003f980                mmcsd_all_get_cid
                0x6003fa14                mmcsd_get_cid
                0x6003fc30                mmcsd_get_csd
                0x6003fee4                mmcsd_select_card
                0x6003ff18                mmcsd_deselect_cards
                0x6003ff4c                mmcsd_spi_use_crc
                0x6004000c                mmcsd_set_chip_select
                0x60040044                mmcsd_set_clock
                0x60040078                mmcsd_set_bus_mode
                0x600400b0                mmcsd_set_bus_width
                0x600400e8                mmcsd_set_data_timeout
                0x6004031c                mmcsd_select_voltage
                0x60040520                mmcsd_wait_cd_changed
                0x60040584                mmcsd_change
                0x600405b4                mmcsd_detect
                0x600407fc                mmcsd_alloc_host
                0x600408b0                mmcsd_free_host
                0x600408f4                rt_mmcsd_core_init
 .text          0x600409cc     0x1660 ./rt-thread/components/drivers/sdio/sd.o
                0x600414f8                mmcsd_send_app_cmd
                0x60041650                mmcsd_app_set_bus_width
                0x60041700                mmcsd_send_app_op_cond
                0x6004185c                mmcsd_send_if_cond
                0x60041920                mmcsd_get_card_addr
                0x600419ac                mmcsd_get_scr
                0x60041ee4                init_sd
 .text          0x6004202c     0x2d24 ./rt-thread/components/drivers/sdio/sdio.o
                0x60042178                sdio_io_send_op_cond
                0x600422c4                sdio_io_rw_direct
                0x60042494                sdio_io_rw_extended
                0x60042754                sdio_io_rw_extended_block
                0x600429ec                sdio_io_readb
                0x60042a68                sdio_io_writeb
                0x60042ac4                sdio_io_readw
                0x60042b54                sdio_io_writew
                0x60042bac                sdio_io_readl
                0x60042c38                sdio_io_writel
                0x60042c8c                sdio_io_read_multi_fifo_b
                0x60042cdc                sdio_io_write_multi_fifo_b
                0x60042d2c                sdio_io_read_multi_incr_b
                0x60042d7c                sdio_io_write_multi_incr_b
                0x60043648                sdio_free_cis
                0x60044064                init_sdio
                0x600443fc                sdio_attach_irq
                0x60044518                sdio_detach_irq
                0x6004461c                sdio_irq_wakeup
                0x60044684                sdio_enable_func
                0x600447e8                sdio_disable_func
                0x600448ac                sdio_set_drvdata
                0x600448dc                sdio_get_drvdata
                0x60044904                sdio_set_block_size
                0x60044b8c                sdio_register_driver
                0x60044c40                sdio_unregister_driver
                0x60044d38                rt_sdio_init
 .text          0x60044d50      0x424 ./rt-thread/components/drivers/rtc/rtc.o
                0x60044d50                set_date
                0x60044e30                set_time
                0x60044f04                list_date
 .text          0x60045174      0x1e0 ./rt-thread/components/drivers/rtc/soft_rtc.o
                0x6004526c                rt_soft_rtc_init
 .text          0x60045354      0xcdc ./rt-thread/components/drivers/mtd/mtd_nand.o
                0x6004557c                rt_mtd_nand_register_device
                0x6004577c                mtd_nandid
                0x600457d0                mtd_nand_read
                0x6004593c                mtd_nand_readoob
                0x60045a30                mtd_nand_write
                0x60045be8                mtd_nand_erase
                0x60045c48                mtd_nand_erase_all
 .text          0x60046030      0x430 ./rt-thread/components/drivers/misc/pin.o
                0x600461b4                rt_device_pin_register
                0x60046254                rt_pin_attach_irq
                0x600462d0                rt_pin_detach_irq
                0x60046330                rt_pin_irq_enable
                0x60046398                rt_pin_mode
                0x600463dc                rt_pin_write
                0x60046420                rt_pin_read
 .text          0x60046460      0x27c ./rt-thread/components/drivers/i2c/i2c_core.o
                0x60046460                rt_i2c_bus_device_register
                0x600464d4                rt_i2c_bus_device_find
                0x60046530                rt_i2c_transfer
                0x600465b8                rt_i2c_master_send
                0x60046638                rt_i2c_master_recv
                0x600466c0                rt_i2c_core_init
 .text          0x600466dc      0x21c ./rt-thread/components/drivers/i2c/i2c_dev.o
                0x60046894                rt_i2c_bus_device_device_init
 .text          0x600468f8     0x1868 ./rt-thread/components/drivers/can/can.o
                0x60047b20                rt_hw_can_register
                0x60047c50                rt_hw_can_isr
                0x60047f3c                cmd_canstat
 .text          0x60048160      0xef8 ./rt-thread/components/dfs/src/dfs.o
                0x60048160                dfs_init
                0x60048254                dfs_lock
                0x600482d8                dfs_unlock
                0x60048500                fd_new
                0x600485b0                fd_get
                0x60048764                fd_put
                0x60048844                fd_is_open
                0x600489d8                dfs_subdir
                0x60048a68                dfs_normalize_path
                0x60048e10                dfs_fdtable_get
                0x60048e64                list_fd
 .text          0x60049058     0x141c ./rt-thread/components/dfs/src/dfs_file.o
                0x60049058                dfs_file_open
                0x60049298                dfs_file_close
                0x60049330                dfs_file_ioctl
                0x60049434                dfs_file_read
                0x600494d4                dfs_file_getdents
                0x60049558                dfs_file_unlink
                0x600496b8                dfs_file_write
                0x6004972c                dfs_file_flush
                0x60049790                dfs_file_lseek
                0x60049818                dfs_file_stat
                0x600499c4                dfs_file_rename
                0x60049b40                dfs_file_ftruncate
                0x60049bf0                ls
                0x60049db4                rm
                0x60049df4                cat
                0x6004a258                copy
 .text          0x6004a474     0x10fc ./rt-thread/components/dfs/src/dfs_fs.o
                0x6004a474                dfs_register
                0x6004a57c                dfs_filesystem_lookup
                0x6004a6b0                dfs_filesystem_get_mounted_path
                0x6004a748                dfs_filesystem_get_partition
                0x6004a958                dfs_mount
                0x6004acdc                dfs_unmount
                0x6004ae50                dfs_mkfs
                0x6004af80                dfs_statfs
                0x6004aff0                dfs_mount_table
                0x6004b12c                dfs_mount_device
                0x6004b2e4                mkfs
                0x6004b310                df
 .text          0x6004b570      0xe08 ./rt-thread/components/dfs/src/dfs_posix.o
                0x6004b570                open
                0x6004b614                close
                0x6004b694                read
                0x6004b724                write
                0x6004b7b4                lseek
                0x6004b8d0                rename
                0x6004b920                unlink
                0x6004b968                stat
                0x6004b9b8                fstat
                0x6004ba80                fsync
                0x6004badc                fcntl
                0x6004bb88                ioctl
                0x6004bbe0                ftruncate
                0x6004bc8c                statfs
                0x6004bcdc                mkdir
                0x6004bd8c                rmdir
                0x6004bdd4                opendir
                0x6004bebc                readdir
                0x6004bfe8                telldir
                0x6004c064                seekdir
                0x6004c0e8                rewinddir
                0x6004c168                closedir
                0x6004c1f8                chdir
                0x6004c2f0                access
                0x6004c338                getcwd
 .text          0x6004c378      0x55c ./rt-thread/components/dfs/src/poll.o
                0x6004c87c                poll
 .text          0x6004c8d4      0x600 ./rt-thread/components/dfs/src/select.o
                0x6004c940                select
 .text          0x6004ced4      0x924 ./rt-thread/components/dfs/filesystems/romfs/dfs_romfs.o
                0x6004ced4                dfs_romfs_mount
                0x6004cf28                dfs_romfs_unmount
                0x6004cf4c                dfs_romfs_ioctl
                0x6004cfd4                dfs_romfs_lookup
                0x6004d2e0                dfs_romfs_read
                0x6004d3c4                dfs_romfs_lseek
                0x6004d418                dfs_romfs_close
                0x6004d448                dfs_romfs_open
                0x6004d558                dfs_romfs_stat
                0x6004d62c                dfs_romfs_getdents
                0x6004d7d8                dfs_romfs_init
 .text          0x6004d7f8      0xcd0 ./rt-thread/components/dfs/filesystems/ramfs/dfs_ramfs.o
                0x6004d8f4                dfs_ramfs_mount
                0x6004d948                dfs_ramfs_unmount
                0x6004d978                dfs_ramfs_statfs
                0x6004d9e0                dfs_ramfs_ioctl
                0x6004da0c                dfs_ramfs_lookup
                0x6004dafc                dfs_ramfs_read
                0x6004dbc4                dfs_ramfs_write
                0x6004dcfc                dfs_ramfs_lseek
                0x6004dd54                dfs_ramfs_close
                0x6004dd84                dfs_ramfs_open
                0x6004e02c                dfs_ramfs_stat
                0x6004e0c4                dfs_ramfs_getdents
                0x6004e260                dfs_ramfs_unlink
                0x6004e2f0                dfs_ramfs_rename
                0x6004e394                dfs_ramfs_init
                0x6004e3b4                dfs_ramfs_create
 .text          0x6004e4c8      0x2cc ./rt-thread/components/dfs/filesystems/elmfat/option/ccsbcs.o
                0x6004e4c8                ff_convert
                0x6004e5b4                ff_wtoupper
 .text          0x6004e794     0x18dc ./rt-thread/components/dfs/filesystems/elmfat/dfs_elm.o
                0x6004e8d4                dfs_elm_mount
                0x6004eae4                dfs_elm_unmount
                0x6004ebc4                dfs_elm_mkfs
                0x6004edcc                dfs_elm_statfs
                0x6004eeb4                dfs_elm_open
                0x6004f1cc                dfs_elm_close
                0x6004f268                dfs_elm_ioctl
                0x6004f338                dfs_elm_read
                0x6004f3d4                dfs_elm_write
                0x6004f480                dfs_elm_flush
                0x6004f4c8                dfs_elm_lseek
                0x6004f5c8                dfs_elm_getdents
                0x6004f7b8                dfs_elm_unlink
                0x6004f868                dfs_elm_rename
                0x6004f928                dfs_elm_stat
                0x6004fb84                elm_init
                0x6004fba4                disk_initialize
                0x6004fbcc                disk_status
                0x6004fbf4                disk_read
                0x6004fc68                disk_write
                0x6004fcdc                disk_ioctl
                0x6004fe68                get_fattime
                0x6004ff18                ff_cre_syncobj
                0x6004ff8c                ff_del_syncobj
                0x6004ffc0                ff_req_grant
                0x60050000                ff_rel_grant
                0x60050024                ff_memalloc
                0x6005004c                ff_memfree
 .text          0x60050070     0x8208 ./rt-thread/components/dfs/filesystems/elmfat/ff.o
                0x600541d0                f_mount
                0x60054324                f_open
                0x600548cc                f_read
                0x60054e6c                f_write
                0x600554d0                f_sync
                0x600556a8                f_close
                0x60055728                f_lseek
                0x60056010                f_opendir
                0x600561b4                f_closedir
                0x60056218                f_readdir
                0x60056348                f_seekdir
                0x600563f4                f_stat
                0x600564f8                f_getfree
                0x60056790                f_truncate
                0x600569fc                f_unlink
                0x60056c24                f_mkdir
                0x60056fe8                f_rename
                0x600572f4                f_mkfs
                0x6005820c                elm_get_vol
 .text          0x60058278      0x798 ./rt-thread/components/dfs/filesystems/devfs/devfs.o
                0x60058278                dfs_device_fs_mount
                0x600582a4                dfs_device_fs_ioctl
                0x60058300                dfs_device_fs_read
                0x6005836c                dfs_device_fs_write
                0x600583d8                dfs_device_fs_close
                0x6005845c                dfs_device_fs_open
                0x600586d0                dfs_device_fs_stat
                0x60058864                dfs_device_fs_getdents
                0x600589f0                devfs_init
 .text          0x60058a10       0x88 ./rt-thread/components/cplusplus/crt_init.o
                0x60058a40                cplusplus_system_init
 .text          0x60058a98       0x70 ./drivers/board.o
                0x60058a98                idle_wfi
                0x60058ab4                rt_hw_board_init
 .text          0x60058b08      0xe64 ./drivers/drv_sdio.o
                0x600596bc                pl180_init
 .text          0x6005996c      0x23c ./drivers/drv_timer.o
                0x600599a0                rt_hw_timer_init
                0x60059a5c                timer_init
                0x60059b58                timer_clear_pending
 .text          0x60059ba8       0xe0 ./drivers/secondary_cpu.o
                0x60059bd4                rt_hw_secondary_cpu_up
                0x60059bf8                secondary_cpu_c_start
                0x60059c6c                rt_hw_secondary_cpu_idle_exec
 .text          0x60059c88      0x338 ./drivers/serial.o
                0x60059e68                rt_hw_uart_init
 .text          0x60059fc0      0x320 ./applications/main.o
                0x60059fc0                process5_entry
                0x60059fec                process8_entry
                0x6005a15c                main
 .text          0x6005a2e0       0x64 ./applications/mnt.o
                0x6005a2e0                mnt_init
 .text          0x6005a344       0xec c:/rt-threadstudio/repo/extract/toolchain_support_packages/arm/gnu_tools_for_arm_embedded_processors/5.4.1/bin/../lib/gcc/arm-none-eabi/5.4.1/../../../../arm-none-eabi/lib/armv7-ar/thumb\libc.a(lib_a-memcpy.o)
                0x6005a344                memcpy
 .text          0x6005a430      0x1bc c:/rt-threadstudio/repo/extract/toolchain_support_packages/arm/gnu_tools_for_arm_embedded_processors/5.4.1/bin/../lib/gcc/arm-none-eabi/5.4.1/../../../../arm-none-eabi/lib/armv7-ar/thumb\libc.a(lib_a-strcmp.o)
                0x6005a430                strcmp
 *fill*         0x6005a5ec        0x4 00000000
 .text          0x6005a5f0      0x278 c:/rt-threadstudio/repo/extract/toolchain_support_packages/arm/gnu_tools_for_arm_embedded_processors/5.4.1/bin/../lib/gcc/arm-none-eabi/5.4.1/armv7-ar/thumb\libgcc.a(_udivsi3.o)
                0x6005a5f0                __aeabi_uidiv
                0x6005a5f0                __udivsi3
                0x6005a84c                __aeabi_uidivmod
 .text          0x6005a868      0x2b0 c:/rt-threadstudio/repo/extract/toolchain_support_packages/arm/gnu_tools_for_arm_embedded_processors/5.4.1/bin/../lib/gcc/arm-none-eabi/5.4.1/armv7-ar/thumb\libgcc.a(_divsi3.o)
                0x6005a868                __divsi3
                0x6005a868                __aeabi_idiv
                0x6005aafc                __aeabi_idivmod
 .text          0x6005ab18        0x4 c:/rt-threadstudio/repo/extract/toolchain_support_packages/arm/gnu_tools_for_arm_embedded_processors/5.4.1/bin/../lib/gcc/arm-none-eabi/5.4.1/armv7-ar/thumb\libgcc.a(_dvmd_tls.o)
                0x6005ab18                __aeabi_idiv0
                0x6005ab18                __aeabi_ldiv0
 .text          0x6005ab1c      0x370 c:/rt-threadstudio/repo/extract/toolchain_support_packages/arm/gnu_tools_for_arm_embedded_processors/5.4.1/bin/../lib/gcc/arm-none-eabi/5.4.1/armv7-ar/thumb\libgcc.a(_arm_addsubdf3.o)
                0x6005ab1c                __aeabi_drsub
                0x6005ab24                __aeabi_dsub
                0x6005ab24                __subdf3
                0x6005ab28                __aeabi_dadd
                0x6005ab28                __adddf3
                0x6005ada0                __floatunsidf
                0x6005ada0                __aeabi_ui2d
                0x6005adc0                __floatsidf
                0x6005adc0                __aeabi_i2d
                0x6005ade4                __aeabi_f2d
                0x6005ade4                __extendsfdf2
                0x6005ae20                __floatundidf
                0x6005ae20                __aeabi_ul2d
                0x6005ae30                __floatdidf
                0x6005ae30                __aeabi_l2d
 .text          0x6005ae8c      0x424 c:/rt-threadstudio/repo/extract/toolchain_support_packages/arm/gnu_tools_for_arm_embedded_processors/5.4.1/bin/../lib/gcc/arm-none-eabi/5.4.1/armv7-ar/thumb\libgcc.a(_arm_muldivdf3.o)
                0x6005ae8c                __aeabi_dmul
                0x6005ae8c                __muldf3
                0x6005b0e0                __divdf3
                0x6005b0e0                __aeabi_ddiv
 .text          0x6005b2b0      0x110 c:/rt-threadstudio/repo/extract/toolchain_support_packages/arm/gnu_tools_for_arm_embedded_processors/5.4.1/bin/../lib/gcc/arm-none-eabi/5.4.1/armv7-ar/thumb\libgcc.a(_arm_cmpdf2.o)
                0x6005b2b0                __gtdf2
                0x6005b2b0                __gedf2
                0x6005b2b8                __ltdf2
                0x6005b2b8                __ledf2
                0x6005b2c0                __nedf2
                0x6005b2c0                __eqdf2
                0x6005b2c0                __cmpdf2
                0x6005b33c                __aeabi_cdrcmple
                0x6005b34c                __aeabi_cdcmpeq
                0x6005b34c                __aeabi_cdcmple
                0x6005b35c                __aeabi_dcmpeq
                0x6005b370                __aeabi_dcmplt
                0x6005b384                __aeabi_dcmple
                0x6005b398                __aeabi_dcmpge
                0x6005b3ac                __aeabi_dcmpgt
 .text          0x6005b3c0       0x2c c:/rt-threadstudio/repo/extract/toolchain_support_packages/arm/gnu_tools_for_arm_embedded_processors/5.4.1/bin/../lib/gcc/arm-none-eabi/5.4.1/armv7-ar/thumb\libgcc.a(_arm_unorddf2.o)
                0x6005b3c0                __unorddf2
                0x6005b3c0                __aeabi_dcmpun
 .text          0x6005b3ec       0x50 c:/rt-threadstudio/repo/extract/toolchain_support_packages/arm/gnu_tools_for_arm_embedded_processors/5.4.1/bin/../lib/gcc/arm-none-eabi/5.4.1/armv7-ar/thumb\libgcc.a(_arm_fixdfsi.o)
                0x6005b3ec                __aeabi_d2iz
                0x6005b3ec                __fixdfsi
 .text          0x6005b43c       0x30 c:/rt-threadstudio/repo/extract/toolchain_support_packages/arm/gnu_tools_for_arm_embedded_processors/5.4.1/bin/../lib/gcc/arm-none-eabi/5.4.1/armv7-ar/thumb\libgcc.a(_aeabi_uldivmod.o)
                0x6005b43c                __aeabi_uldivmod
 .text          0x6005b46c      0x110 c:/rt-threadstudio/repo/extract/toolchain_support_packages/arm/gnu_tools_for_arm_embedded_processors/5.4.1/bin/../lib/gcc/arm-none-eabi/5.4.1/armv7-ar/thumb\libgcc.a(_udivmoddi4.o)
                0x6005b46c                __udivmoddi4
 *(.text.*)
 .text.isr      0x6005b57c       0x70 ./rt-thread/libcpu/arm/cortex-a/context_gcc.o
                0x6005b57c                rt_hw_context_switch
                0x6005b5b0                rt_hw_context_switch_interrupt
                0x6005b5c4                rt_hw_context_switch_exit
 *fill*         0x6005b5ec       0x14 00000000
 .text.isr      0x6005b600      0x210 ./rt-thread/libcpu/arm/cortex-a/start_gcc.o
                0x6005b600                vector_fiq
                0x6005b620                vector_irq
                0x6005b6c0                vector_undef
                0x6005b700                vector_pabt
                0x6005b740                vector_dabt
                0x6005b780                vector_resv
                0x6005b7ac                set_secondary_cpu_boot_address
                0x6005b7c4                secondary_cpu_start
 .text.atoi     0x6005b810        0x8 c:/rt-threadstudio/repo/extract/toolchain_support_packages/arm/gnu_tools_for_arm_embedded_processors/5.4.1/bin/../lib/gcc/arm-none-eabi/5.4.1/../../../../arm-none-eabi/lib/armv7-ar/thumb\libc.a(lib_a-atoi.o)
                0x6005b810                atoi
 .text.ctime    0x6005b818       0x10 c:/rt-threadstudio/repo/extract/toolchain_support_packages/arm/gnu_tools_for_arm_embedded_processors/5.4.1/bin/../lib/gcc/arm-none-eabi/5.4.1/../../../../arm-none-eabi/lib/armv7-ar/thumb\libc.a(lib_a-ctime.o)
                0x6005b818                ctime
 .text._fclose_r
                0x6005b828       0x84 c:/rt-threadstudio/repo/extract/toolchain_support_packages/arm/gnu_tools_for_arm_embedded_processors/5.4.1/bin/../lib/gcc/arm-none-eabi/5.4.1/../../../../arm-none-eabi/lib/armv7-ar/thumb\libc.a(lib_a-fclose.o)
                0x6005b828                _fclose_r
 .text.fclose   0x6005b8ac       0x10 c:/rt-threadstudio/repo/extract/toolchain_support_packages/arm/gnu_tools_for_arm_embedded_processors/5.4.1/bin/../lib/gcc/arm-none-eabi/5.4.1/../../../../arm-none-eabi/lib/armv7-ar/thumb\libc.a(lib_a-fclose.o)
                0x6005b8ac                fclose
 .text.__sflush_r
                0x6005b8bc      0x154 c:/rt-threadstudio/repo/extract/toolchain_support_packages/arm/gnu_tools_for_arm_embedded_processors/5.4.1/bin/../lib/gcc/arm-none-eabi/5.4.1/../../../../arm-none-eabi/lib/armv7-ar/thumb\libc.a(lib_a-fflush.o)
                0x6005b8bc                __sflush_r
 .text._fflush_r
                0x6005ba10       0x2c c:/rt-threadstudio/repo/extract/toolchain_support_packages/arm/gnu_tools_for_arm_embedded_processors/5.4.1/bin/../lib/gcc/arm-none-eabi/5.4.1/../../../../arm-none-eabi/lib/armv7-ar/thumb\libc.a(lib_a-fflush.o)
                0x6005ba10                _fflush_r
 .text.fflush   0x6005ba3c       0x28 c:/rt-threadstudio/repo/extract/toolchain_support_packages/arm/gnu_tools_for_arm_embedded_processors/5.4.1/bin/../lib/gcc/arm-none-eabi/5.4.1/../../../../arm-none-eabi/lib/armv7-ar/thumb\libc.a(lib_a-fflush.o)
                0x6005ba3c                fflush
 .text.fileno   0x6005ba64       0x34 c:/rt-threadstudio/repo/extract/toolchain_support_packages/arm/gnu_tools_for_arm_embedded_processors/5.4.1/bin/../lib/gcc/arm-none-eabi/5.4.1/../../../../arm-none-eabi/lib/armv7-ar/thumb\libc.a(lib_a-fileno.o)
                0x6005ba64                fileno
 .text._cleanup_r
                0x6005ba98        0xc c:/rt-threadstudio/repo/extract/toolchain_support_packages/arm/gnu_tools_for_arm_embedded_processors/5.4.1/bin/../lib/gcc/arm-none-eabi/5.4.1/../../../../arm-none-eabi/lib/armv7-ar/thumb\libc.a(lib_a-findfp.o)
                0x6005ba98                _cleanup_r
 .text.__sinit.part.1
                0x6005baa4      0x100 c:/rt-threadstudio/repo/extract/toolchain_support_packages/arm/gnu_tools_for_arm_embedded_processors/5.4.1/bin/../lib/gcc/arm-none-eabi/5.4.1/../../../../arm-none-eabi/lib/armv7-ar/thumb\libc.a(lib_a-findfp.o)
 .text.__sfmoreglue
                0x6005bba4       0x30 c:/rt-threadstudio/repo/extract/toolchain_support_packages/arm/gnu_tools_for_arm_embedded_processors/5.4.1/bin/../lib/gcc/arm-none-eabi/5.4.1/../../../../arm-none-eabi/lib/armv7-ar/thumb\libc.a(lib_a-findfp.o)
                0x6005bba4                __sfmoreglue
 .text.__sfp    0x6005bbd4       0x88 c:/rt-threadstudio/repo/extract/toolchain_support_packages/arm/gnu_tools_for_arm_embedded_processors/5.4.1/bin/../lib/gcc/arm-none-eabi/5.4.1/../../../../arm-none-eabi/lib/armv7-ar/thumb\libc.a(lib_a-findfp.o)
                0x6005bbd4                __sfp
 .text.__sinit  0x6005bc5c        0xc c:/rt-threadstudio/repo/extract/toolchain_support_packages/arm/gnu_tools_for_arm_embedded_processors/5.4.1/bin/../lib/gcc/arm-none-eabi/5.4.1/../../../../arm-none-eabi/lib/armv7-ar/thumb\libc.a(lib_a-findfp.o)
                0x6005bc5c                __sinit
 .text.__sfp_lock_acquire
                0x6005bc68        0x4 c:/rt-threadstudio/repo/extract/toolchain_support_packages/arm/gnu_tools_for_arm_embedded_processors/5.4.1/bin/../lib/gcc/arm-none-eabi/5.4.1/../../../../arm-none-eabi/lib/armv7-ar/thumb\libc.a(lib_a-findfp.o)
                0x6005bc68                __sfp_lock_acquire
 .text.__sfp_lock_release
                0x6005bc6c        0x4 c:/rt-threadstudio/repo/extract/toolchain_support_packages/arm/gnu_tools_for_arm_embedded_processors/5.4.1/bin/../lib/gcc/arm-none-eabi/5.4.1/../../../../arm-none-eabi/lib/armv7-ar/thumb\libc.a(lib_a-findfp.o)
                0x6005bc6c                __sfp_lock_release
 .text._fopen_r
                0x6005bc70       0x94 c:/rt-threadstudio/repo/extract/toolchain_support_packages/arm/gnu_tools_for_arm_embedded_processors/5.4.1/bin/../lib/gcc/arm-none-eabi/5.4.1/../../../../arm-none-eabi/lib/armv7-ar/thumb\libc.a(lib_a-fopen.o)
                0x6005bc70                _fopen_r
 .text.fopen    0x6005bd04       0x14 c:/rt-threadstudio/repo/extract/toolchain_support_packages/arm/gnu_tools_for_arm_embedded_processors/5.4.1/bin/../lib/gcc/arm-none-eabi/5.4.1/../../../../arm-none-eabi/lib/armv7-ar/thumb\libc.a(lib_a-fopen.o)
                0x6005bd04                fopen
 .text._fseek_r
                0x6005bd18        0x4 c:/rt-threadstudio/repo/extract/toolchain_support_packages/arm/gnu_tools_for_arm_embedded_processors/5.4.1/bin/../lib/gcc/arm-none-eabi/5.4.1/../../../../arm-none-eabi/lib/armv7-ar/thumb\libc.a(lib_a-fseek.o)
                0x6005bd18                _fseek_r
 .text._fseeko_r
                0x6005bd1c      0x2d0 c:/rt-threadstudio/repo/extract/toolchain_support_packages/arm/gnu_tools_for_arm_embedded_processors/5.4.1/bin/../lib/gcc/arm-none-eabi/5.4.1/../../../../arm-none-eabi/lib/armv7-ar/thumb\libc.a(lib_a-fseeko.o)
                0x6005bd1c                _fseeko_r
 .text._fwalk   0x6005bfec       0x48 c:/rt-threadstudio/repo/extract/toolchain_support_packages/arm/gnu_tools_for_arm_embedded_processors/5.4.1/bin/../lib/gcc/arm-none-eabi/5.4.1/../../../../arm-none-eabi/lib/armv7-ar/thumb\libc.a(lib_a-fwalk.o)
                0x6005bfec                _fwalk
 .text._fwalk_reent
                0x6005c034       0x50 c:/rt-threadstudio/repo/extract/toolchain_support_packages/arm/gnu_tools_for_arm_embedded_processors/5.4.1/bin/../lib/gcc/arm-none-eabi/5.4.1/../../../../arm-none-eabi/lib/armv7-ar/thumb\libc.a(lib_a-fwalk.o)
                0x6005c034                _fwalk_reent
 .text.localtime
                0x6005c084       0x10 c:/rt-threadstudio/repo/extract/toolchain_support_packages/arm/gnu_tools_for_arm_embedded_processors/5.4.1/bin/../lib/gcc/arm-none-eabi/5.4.1/../../../../arm-none-eabi/lib/armv7-ar/thumb\libc.a(lib_a-lcltime.o)
                0x6005c084                localtime
 .text.localtime_r
                0x6005c094      0x260 c:/rt-threadstudio/repo/extract/toolchain_support_packages/arm/gnu_tools_for_arm_embedded_processors/5.4.1/bin/../lib/gcc/arm-none-eabi/5.4.1/../../../../arm-none-eabi/lib/armv7-ar/thumb\libc.a(lib_a-lcltime_r.o)
                0x6005c094                localtime_r
 .text.__swhatbuf_r
                0x6005c2f4       0x60 c:/rt-threadstudio/repo/extract/toolchain_support_packages/arm/gnu_tools_for_arm_embedded_processors/5.4.1/bin/../lib/gcc/arm-none-eabi/5.4.1/../../../../arm-none-eabi/lib/armv7-ar/thumb\libc.a(lib_a-makebuf.o)
                0x6005c2f4                __swhatbuf_r
 .text.__smakebuf_r
                0x6005c354       0x90 c:/rt-threadstudio/repo/extract/toolchain_support_packages/arm/gnu_tools_for_arm_embedded_processors/5.4.1/bin/../lib/gcc/arm-none-eabi/5.4.1/../../../../arm-none-eabi/lib/armv7-ar/thumb\libc.a(lib_a-makebuf.o)
                0x6005c354                __smakebuf_r
 .text.malloc   0x6005c3e4       0x10 c:/rt-threadstudio/repo/extract/toolchain_support_packages/arm/gnu_tools_for_arm_embedded_processors/5.4.1/bin/../lib/gcc/arm-none-eabi/5.4.1/../../../../arm-none-eabi/lib/armv7-ar/thumb\libc.a(lib_a-malloc.o)
                0x6005c3e4                malloc
 .text.free     0x6005c3f4       0x10 c:/rt-threadstudio/repo/extract/toolchain_support_packages/arm/gnu_tools_for_arm_embedded_processors/5.4.1/bin/../lib/gcc/arm-none-eabi/5.4.1/../../../../arm-none-eabi/lib/armv7-ar/thumb\libc.a(lib_a-malloc.o)
                0x6005c3f4                free
 .text.memchr   0x6005c404       0x8c c:/rt-threadstudio/repo/extract/toolchain_support_packages/arm/gnu_tools_for_arm_embedded_processors/5.4.1/bin/../lib/gcc/arm-none-eabi/5.4.1/../../../../arm-none-eabi/lib/armv7-ar/thumb\libc.a(lib_a-memchr-stub.o)
                0x6005c404                memchr
 .text.memcmp   0x6005c490       0x60 c:/rt-threadstudio/repo/extract/toolchain_support_packages/arm/gnu_tools_for_arm_embedded_processors/5.4.1/bin/../lib/gcc/arm-none-eabi/5.4.1/../../../../arm-none-eabi/lib/armv7-ar/thumb\libc.a(lib_a-memcmp.o)
                0x6005c490                memcmp
 .text.memmove  0x6005c4f0       0xc4 c:/rt-threadstudio/repo/extract/toolchain_support_packages/arm/gnu_tools_for_arm_embedded_processors/5.4.1/bin/../lib/gcc/arm-none-eabi/5.4.1/../../../../arm-none-eabi/lib/armv7-ar/thumb\libc.a(lib_a-memmove.o)
                0x6005c4f0                memmove
 .text.memset   0x6005c5b4       0xa4 c:/rt-threadstudio/repo/extract/toolchain_support_packages/arm/gnu_tools_for_arm_embedded_processors/5.4.1/bin/../lib/gcc/arm-none-eabi/5.4.1/../../../../arm-none-eabi/lib/armv7-ar/thumb\libc.a(lib_a-memset.o)
                0x6005c5b4                memset
 .text.validate_structure
                0x6005c658      0x258 c:/rt-threadstudio/repo/extract/toolchain_support_packages/arm/gnu_tools_for_arm_embedded_processors/5.4.1/bin/../lib/gcc/arm-none-eabi/5.4.1/../../../../arm-none-eabi/lib/armv7-ar/thumb\libc.a(lib_a-mktime.o)
 .text.mktime   0x6005c8b0      0x3e8 c:/rt-threadstudio/repo/extract/toolchain_support_packages/arm/gnu_tools_for_arm_embedded_processors/5.4.1/bin/../lib/gcc/arm-none-eabi/5.4.1/../../../../arm-none-eabi/lib/armv7-ar/thumb\libc.a(lib_a-mktime.o)
                0x6005c8b0                mktime
 .text.putenv   0x6005cc98       0x10 c:/rt-threadstudio/repo/extract/toolchain_support_packages/arm/gnu_tools_for_arm_embedded_processors/5.4.1/bin/../lib/gcc/arm-none-eabi/5.4.1/../../../../arm-none-eabi/lib/armv7-ar/thumb\libc.a(lib_a-putenv.o)
                0x6005cc98                putenv
 .text._putenv_r
                0x6005cca8       0x44 c:/rt-threadstudio/repo/extract/toolchain_support_packages/arm/gnu_tools_for_arm_embedded_processors/5.4.1/bin/../lib/gcc/arm-none-eabi/5.4.1/../../../../arm-none-eabi/lib/armv7-ar/thumb\libc.a(lib_a-putenv_r.o)
                0x6005cca8                _putenv_r
 .text.srand    0x6005ccec       0x18 c:/rt-threadstudio/repo/extract/toolchain_support_packages/arm/gnu_tools_for_arm_embedded_processors/5.4.1/bin/../lib/gcc/arm-none-eabi/5.4.1/../../../../arm-none-eabi/lib/armv7-ar/thumb\libc.a(lib_a-rand.o)
                0x6005ccec                srand
 .text.lflush   0x6005cd04       0x14 c:/rt-threadstudio/repo/extract/toolchain_support_packages/arm/gnu_tools_for_arm_embedded_processors/5.4.1/bin/../lib/gcc/arm-none-eabi/5.4.1/../../../../arm-none-eabi/lib/armv7-ar/thumb\libc.a(lib_a-refill.o)
 .text.__srefill_r
                0x6005cd18      0x11c c:/rt-threadstudio/repo/extract/toolchain_support_packages/arm/gnu_tools_for_arm_embedded_processors/5.4.1/bin/../lib/gcc/arm-none-eabi/5.4.1/../../../../arm-none-eabi/lib/armv7-ar/thumb\libc.a(lib_a-refill.o)
                0x6005cd18                __srefill_r
 .text.__srget_r
                0x6005ce34       0x34 c:/rt-threadstudio/repo/extract/toolchain_support_packages/arm/gnu_tools_for_arm_embedded_processors/5.4.1/bin/../lib/gcc/arm-none-eabi/5.4.1/../../../../arm-none-eabi/lib/armv7-ar/thumb\libc.a(lib_a-rget.o)
                0x6005ce34                __srget_r
 .text._setenv_r
                0x6005ce68      0x188 c:/rt-threadstudio/repo/extract/toolchain_support_packages/arm/gnu_tools_for_arm_embedded_processors/5.4.1/bin/../lib/gcc/arm-none-eabi/5.4.1/../../../../arm-none-eabi/lib/armv7-ar/thumb\libc.a(lib_a-setenv_r.o)
                0x6005ce68                _setenv_r
 .text.setvbuf  0x6005cff0      0x154 c:/rt-threadstudio/repo/extract/toolchain_support_packages/arm/gnu_tools_for_arm_embedded_processors/5.4.1/bin/../lib/gcc/arm-none-eabi/5.4.1/../../../../arm-none-eabi/lib/armv7-ar/thumb\libc.a(lib_a-setvbuf.o)
                0x6005cff0                setvbuf
 .text.snprintf
                0x6005d144       0x8c c:/rt-threadstudio/repo/extract/toolchain_support_packages/arm/gnu_tools_for_arm_embedded_processors/5.4.1/bin/../lib/gcc/arm-none-eabi/5.4.1/../../../../arm-none-eabi/lib/armv7-ar/thumb\libc.a(lib_a-snprintf.o)
                0x6005d144                snprintf
 .text.__sread  0x6005d1d0       0x24 c:/rt-threadstudio/repo/extract/toolchain_support_packages/arm/gnu_tools_for_arm_embedded_processors/5.4.1/bin/../lib/gcc/arm-none-eabi/5.4.1/../../../../arm-none-eabi/lib/armv7-ar/thumb\libc.a(lib_a-stdio.o)
                0x6005d1d0                __sread
 .text.__seofread
                0x6005d1f4        0x4 c:/rt-threadstudio/repo/extract/toolchain_support_packages/arm/gnu_tools_for_arm_embedded_processors/5.4.1/bin/../lib/gcc/arm-none-eabi/5.4.1/../../../../arm-none-eabi/lib/armv7-ar/thumb\libc.a(lib_a-stdio.o)
                0x6005d1f4                __seofread
 .text.__swrite
                0x6005d1f8       0x3c c:/rt-threadstudio/repo/extract/toolchain_support_packages/arm/gnu_tools_for_arm_embedded_processors/5.4.1/bin/../lib/gcc/arm-none-eabi/5.4.1/../../../../arm-none-eabi/lib/armv7-ar/thumb\libc.a(lib_a-stdio.o)
                0x6005d1f8                __swrite
 .text.__sseek  0x6005d234       0x20 c:/rt-threadstudio/repo/extract/toolchain_support_packages/arm/gnu_tools_for_arm_embedded_processors/5.4.1/bin/../lib/gcc/arm-none-eabi/5.4.1/../../../../arm-none-eabi/lib/armv7-ar/thumb\libc.a(lib_a-stdio.o)
                0x6005d234                __sseek
 .text.__sclose
                0x6005d254        0x8 c:/rt-threadstudio/repo/extract/toolchain_support_packages/arm/gnu_tools_for_arm_embedded_processors/5.4.1/bin/../lib/gcc/arm-none-eabi/5.4.1/../../../../arm-none-eabi/lib/armv7-ar/thumb\libc.a(lib_a-stdio.o)
                0x6005d254                __sclose
 .text.strchr   0x6005d25c       0xec c:/rt-threadstudio/repo/extract/toolchain_support_packages/arm/gnu_tools_for_arm_embedded_processors/5.4.1/bin/../lib/gcc/arm-none-eabi/5.4.1/../../../../arm-none-eabi/lib/armv7-ar/thumb\libc.a(lib_a-strchr.o)
                0x6005d25c                strchr
 .text.strcpy   0x6005d348       0xbc c:/rt-threadstudio/repo/extract/toolchain_support_packages/arm/gnu_tools_for_arm_embedded_processors/5.4.1/bin/../lib/gcc/arm-none-eabi/5.4.1/../../../../arm-none-eabi/lib/armv7-ar/thumb\libc.a(lib_a-strcpy.o)
                0x6005d348                strcpy
 .text._strdup_r
                0x6005d404       0x28 c:/rt-threadstudio/repo/extract/toolchain_support_packages/arm/gnu_tools_for_arm_embedded_processors/5.4.1/bin/../lib/gcc/arm-none-eabi/5.4.1/../../../../arm-none-eabi/lib/armv7-ar/thumb\libc.a(lib_a-strdup_r.o)
                0x6005d404                _strdup_r
 .text.strlen   0x6005d42c       0x5c c:/rt-threadstudio/repo/extract/toolchain_support_packages/arm/gnu_tools_for_arm_embedded_processors/5.4.1/bin/../lib/gcc/arm-none-eabi/5.4.1/../../../../arm-none-eabi/lib/armv7-ar/thumb\libc.a(lib_a-strlen-stub.o)
                0x6005d42c                strlen
 .text.strncmp  0x6005d488       0xa0 c:/rt-threadstudio/repo/extract/toolchain_support_packages/arm/gnu_tools_for_arm_embedded_processors/5.4.1/bin/../lib/gcc/arm-none-eabi/5.4.1/../../../../arm-none-eabi/lib/armv7-ar/thumb\libc.a(lib_a-strncmp.o)
                0x6005d488                strncmp
 .text.strncpy  0x6005d528       0x70 c:/rt-threadstudio/repo/extract/toolchain_support_packages/arm/gnu_tools_for_arm_embedded_processors/5.4.1/bin/../lib/gcc/arm-none-eabi/5.4.1/../../../../arm-none-eabi/lib/armv7-ar/thumb\libc.a(lib_a-strncpy.o)
                0x6005d528                strncpy
 .text.strrchr  0x6005d598       0x24 c:/rt-threadstudio/repo/extract/toolchain_support_packages/arm/gnu_tools_for_arm_embedded_processors/5.4.1/bin/../lib/gcc/arm-none-eabi/5.4.1/../../../../arm-none-eabi/lib/armv7-ar/thumb\libc.a(lib_a-strrchr.o)
                0x6005d598                strrchr
 .text.critical_factorization
                0x6005d5bc       0xb8 c:/rt-threadstudio/repo/extract/toolchain_support_packages/arm/gnu_tools_for_arm_embedded_processors/5.4.1/bin/../lib/gcc/arm-none-eabi/5.4.1/../../../../arm-none-eabi/lib/armv7-ar/thumb\libc.a(lib_a-strstr.o)
 .text.two_way_long_needle
                0x6005d674      0x214 c:/rt-threadstudio/repo/extract/toolchain_support_packages/arm/gnu_tools_for_arm_embedded_processors/5.4.1/bin/../lib/gcc/arm-none-eabi/5.4.1/../../../../arm-none-eabi/lib/armv7-ar/thumb\libc.a(lib_a-strstr.o)
 .text.strstr   0x6005d888      0x220 c:/rt-threadstudio/repo/extract/toolchain_support_packages/arm/gnu_tools_for_arm_embedded_processors/5.4.1/bin/../lib/gcc/arm-none-eabi/5.4.1/../../../../arm-none-eabi/lib/armv7-ar/thumb\libc.a(lib_a-strstr.o)
                0x6005d888                strstr
 .text._strtol_l.isra.0
                0x6005daa8      0x144 c:/rt-threadstudio/repo/extract/toolchain_support_packages/arm/gnu_tools_for_arm_embedded_processors/5.4.1/bin/../lib/gcc/arm-none-eabi/5.4.1/../../../../arm-none-eabi/lib/armv7-ar/thumb\libc.a(lib_a-strtol.o)
 .text._strtol_r