Archive member included to satisfy reference by file (symbol)

c:/rt-threadstudio/repo/extract/toolchain_support_packages/arm/gnu_tools_for_arm_embedded_processors/5.4.1/bin/../lib/gcc/arm-none-eabi/5.4.1/../../../../arm-none-eabi/lib/armv7-ar/thumb\libstdc++.a(eh_personality.o)
                              ./rt-thread/components/cplusplus/Mutex.o (__gxx_personality_v0)
c:/rt-threadstudio/repo/extract/toolchain_support_packages/arm/gnu_tools_for_arm_embedded_processors/5.4.1/bin/../lib/gcc/arm-none-eabi/5.4.1/../../../../arm-none-eabi/lib/armv7-ar/thumb\libstdc++.a(eh_terminate.o)
                              c:/rt-threadstudio/repo/extract/toolchain_support_packages/arm/gnu_tools_for_arm_embedded_processors/5.4.1/bin/../lib/gcc/arm-none-eabi/5.4.1/../../../../arm-none-eabi/lib/armv7-ar/thumb\libstdc++.a(eh_personality.o) (std::terminate())
c:/rt-threadstudio/repo/extract/toolchain_support_packages/arm/gnu_tools_for_arm_embedded_processors/5.4.1/bin/../lib/gcc/arm-none-eabi/5.4.1/../../../../arm-none-eabi/lib/armv7-ar/thumb\libstdc++.a(eh_arm.o)
                              c:/rt-threadstudio/repo/extract/toolchain_support_packages/arm/gnu_tools_for_arm_embedded_processors/5.4.1/bin/../lib/gcc/arm-none-eabi/5.4.1/../../../../arm-none-eabi/lib/armv7-ar/thumb\libstdc++.a(eh_terminate.o) (__cxa_end_cleanup)
c:/rt-threadstudio/repo/extract/toolchain_support_packages/arm/gnu_tools_for_arm_embedded_processors/5.4.1/bin/../lib/gcc/arm-none-eabi/5.4.1/../../../../arm-none-eabi/lib/armv7-ar/thumb\libstdc++.a(class_type_info.o)
                              ./rt-thread/components/cplusplus/Thread.o (vtable for __cxxabiv1::__class_type_info)
c:/rt-threadstudio/repo/extract/toolchain_support_packages/arm/gnu_tools_for_arm_embedded_processors/5.4.1/bin/../lib/gcc/arm-none-eabi/5.4.1/../../../../arm-none-eabi/lib/armv7-ar/thumb\libstdc++.a(eh_call.o)
                              c:/rt-threadstudio/repo/extract/toolchain_support_packages/arm/gnu_tools_for_arm_embedded_processors/5.4.1/bin/../lib/gcc/arm-none-eabi/5.4.1/../../../../arm-none-eabi/lib/armv7-ar/thumb\libstdc++.a(eh_personality.o) (__cxa_call_terminate)
c:/rt-threadstudio/repo/extract/toolchain_support_packages/arm/gnu_tools_for_arm_embedded_processors/5.4.1/bin/../lib/gcc/arm-none-eabi/5.4.1/../../../../arm-none-eabi/lib/armv7-ar/thumb\libstdc++.a(eh_catch.o)
                              c:/rt-threadstudio/repo/extract/toolchain_support_packages/arm/gnu_tools_for_arm_embedded_processors/5.4.1/bin/../lib/gcc/arm-none-eabi/5.4.1/../../../../arm-none-eabi/lib/armv7-ar/thumb\libstdc++.a(eh_personality.o) (__cxa_begin_catch)
c:/rt-threadstudio/repo/extract/toolchain_support_packages/arm/gnu_tools_for_arm_embedded_processors/5.4.1/bin/../lib/gcc/arm-none-eabi/5.4.1/../../../../arm-none-eabi/lib/armv7-ar/thumb\libstdc++.a(eh_term_handler.o)
                              c:/rt-threadstudio/repo/extract/toolchain_support_packages/arm/gnu_tools_for_arm_embedded_processors/5.4.1/bin/../lib/gcc/arm-none-eabi/5.4.1/../../../../arm-none-eabi/lib/armv7-ar/thumb\libstdc++.a(eh_terminate.o) (__cxxabiv1::__terminate_handler)
c:/rt-threadstudio/repo/extract/toolchain_support_packages/arm/gnu_tools_for_arm_embedded_processors/5.4.1/bin/../lib/gcc/arm-none-eabi/5.4.1/../../../../arm-none-eabi/lib/armv7-ar/thumb\libstdc++.a(si_class_type_info.o)
                              c:/rt-threadstudio/repo/extract/toolchain_support_packages/arm/gnu_tools_for_arm_embedded_processors/5.4.1/bin/../lib/gcc/arm-none-eabi/5.4.1/../../../../arm-none-eabi/lib/armv7-ar/thumb\libstdc++.a(class_type_info.o) (vtable for __cxxabiv1::__si_class_type_info)
c:/rt-threadstudio/repo/extract/toolchain_support_packages/arm/gnu_tools_for_arm_embedded_processors/5.4.1/bin/../lib/gcc/arm-none-eabi/5.4.1/../../../../arm-none-eabi/lib/armv7-ar/thumb\libstdc++.a(eh_throw.o)
                              c:/rt-threadstudio/repo/extract/toolchain_support_packages/arm/gnu_tools_for_arm_embedded_processors/5.4.1/bin/../lib/gcc/arm-none-eabi/5.4.1/../../../../arm-none-eabi/lib/armv7-ar/thumb\libstdc++.a(eh_call.o) (__cxa_throw)
c:/rt-threadstudio/repo/extract/toolchain_support_packages/arm/gnu_tools_for_arm_embedded_processors/5.4.1/bin/../lib/gcc/arm-none-eabi/5.4.1/../../../../arm-none-eabi/lib/armv7-ar/thumb\libstdc++.a(eh_unex_handler.o)
                              c:/rt-threadstudio/repo/extract/toolchain_support_packages/arm/gnu_tools_for_arm_embedded_processors/5.4.1/bin/../lib/gcc/arm-none-eabi/5.4.1/../../../../arm-none-eabi/lib/armv7-ar/thumb\libstdc++.a(eh_terminate.o) (__cxxabiv1::__unexpected_handler)
c:/rt-threadstudio/repo/extract/toolchain_support_packages/arm/gnu_tools_for_arm_embedded_processors/5.4.1/bin/../lib/gcc/arm-none-eabi/5.4.1/../../../../arm-none-eabi/lib/armv7-ar/thumb\libstdc++.a(eh_globals.o)
[...]
Memory Configuration

Name             Origin             Length             Attributes
*default*        0x00000000         0xffffffff

Linker script and memory map

LOAD c:/rt-threadstudio/repo/extract/toolchain_support_packages/arm/gnu_tools_for_arm_embedded_processors/5.4.1/bin/../lib/gcc/arm-none-eabi/5.4.1/armv7-ar/thumb/crti.o
LOAD c:/rt-threadstudio/repo/extract/toolchain_support_packages/arm/gnu_tools_for_arm_embedded_processors/5.4.1/bin/../lib/gcc/arm-none-eabi/5.4.1/armv7-ar/thumb/crtbegin.o
LOAD c:/rt-threadstudio/repo/extract/toolchain_support_packages/arm/gnu_tools_for_arm_embedded_processors/5.4.1/bin/../lib/gcc/arm-none-eabi/5.4.1/../../../../arm-none-eabi/lib/armv7-ar/thumb/crt0.o
LOAD ./rt-thread/src/clock.o
LOAD ./rt-thread/src/components.o
LOAD ./rt-thread/src/cpu.o
LOAD ./rt-thread/src/device.o
LOAD ./rt-thread/src/idle.o
LOAD ./rt-thread/src/ipc.o
LOAD ./rt-thread/src/irq.o
LOAD ./rt-thread/src/kservice.o
LOAD ./rt-thread/src/mem.o
LOAD ./rt-thread/src/memheap.o
LOAD ./rt-thread/src/mempool.o
LOAD ./rt-thread/src/object.o
LOAD ./rt-thread/src/scheduler.o
LOAD ./rt-thread/src/signal.o
LOAD ./rt-thread/src/thread.o
LOAD ./rt-thread/src/timer.o
LOAD ./rt-thread/libcpu/arm/cortex-a/cache.o
LOAD ./rt-thread/libcpu/arm/cortex-a/context_gcc.o
LOAD ./rt-thread/libcpu/arm/cortex-a/cp15_gcc.o
LOAD ./rt-thread/libcpu/arm/cortex-a/cpu.o
LOAD ./rt-thread/libcpu/arm/cortex-a/gic.o
LOAD ./rt-thread/libcpu/arm/cortex-a/interrupt.o
LOAD ./rt-thread/libcpu/arm/cortex-a/mmu.o
LOAD ./rt-thread/libcpu/arm/cortex-a/pmu.o
LOAD ./rt-thread/libcpu/arm/cortex-a/stack.o
LOAD ./rt-thread/libcpu/arm/cortex-a/start_gcc.o
LOAD ./rt-thread/libcpu/arm/cortex-a/trap.o
LOAD ./rt-thread/libcpu/arm/cortex-a/vector_gcc.o
LOAD ./rt-thread/libcpu/arm/common/backtrace.o
LOAD ./rt-thread/libcpu/arm/common/div0.o
LOAD ./rt-thread/libcpu/arm/common/showmem.o
LOAD ./rt-thread/components/net/sal_socket/src/sal_socket.o
LOAD ./rt-thread/components/net/sal_socket/socket/net_netdb.o
LOAD ./rt-thread/components/net/sal_socket/socket/net_sockets.o
LOAD ./rt-thread/components/net/sal_socket/impl/af_inet_lwip.o
LOAD ./rt-thread/components/net/sal_socket/dfs_net/dfs_net.o
LOAD ./rt-thread/components/net/netdev/src/netdev.o
LOAD ./rt-thread/components/net/netdev/src/netdev_ipaddr.o
LOAD ./rt-thread/components/net/lwip-2.0.2/src/netif/ethernet.o
LOAD ./rt-thread/components/net/lwip-2.0.2/src/netif/ethernetif.o
LOAD ./rt-thread/components/net/lwip-2.0.2/src/netif/lowpan6.o
LOAD ./rt-thread/components/net/lwip-2.0.2/src/core/ipv4/autoip.o
LOAD ./rt-thread/components/net/lwip-2.0.2/src/core/ipv4/dhcp.o
LOAD ./rt-thread/components/net/lwip-2.0.2/src/core/ipv4/etharp.o
LOAD ./rt-thread/components/net/lwip-2.0.2/src/core/ipv4/icmp.o
LOAD ./rt-thread/components/net/lwip-2.0.2/src/core/ipv4/igmp.o
LOAD ./rt-thread/components/net/lwip-2.0.2/src/core/ipv4/ip4.o
LOAD ./rt-thread/components/net/lwip-2.0.2/src/core/ipv4/ip4_addr.o
LOAD ./rt-thread/components/net/lwip-2.0.2/src/core/ipv4/ip4_frag.o
LOAD ./rt-thread/components/net/lwip-2.0.2/src/core/def.o
LOAD ./rt-thread/components/net/lwip-2.0.2/src/core/dns.o
LOAD ./rt-thread/components/net/lwip-2.0.2/src/core/inet_chksum.o
LOAD ./rt-thread/components/net/lwip-2.0.2/src/core/init.o
LOAD ./rt-thread/components/net/lwip-2.0.2/src/core/ip.o
LOAD ./rt-thread/components/net/lwip-2.0.2/src/core/memp.o
LOAD ./rt-thread/components/net/lwip-2.0.2/src/core/netif.o
LOAD ./rt-thread/components/net/lwip-2.0.2/src/core/pbuf.o
LOAD ./rt-thread/components/net/lwip-2.0.2/src/core/raw.o
LOAD ./rt-thread/components/net/lwip-2.0.2/src/core/stats.o
LOAD ./rt-thread/components/net/lwip-2.0.2/src/core/sys.o
LOAD ./rt-thread/components/net/lwip-2.0.2/src/core/tcp.o
LOAD ./rt-thread/components/net/lwip-2.0.2/src/core/tcp_in.o
LOAD ./rt-thread/components/net/lwip-2.0.2/src/core/tcp_out.o
LOAD ./rt-thread/components/net/lwip-2.0.2/src/core/timeouts.o
LOAD ./rt-thread/components/net/lwip-2.0.2/src/core/udp.o
LOAD ./rt-thread/components/net/lwip-2.0.2/src/arch/sys_arch.o
LOAD ./rt-thread/components/net/lwip-2.0.2/src/apps/ping/ping.o
LOAD ./rt-thread/components/net/lwip-2.0.2/src/api/api_lib.o
LOAD ./rt-thread/components/net/lwip-2.0.2/src/api/api_msg.o
LOAD ./rt-thread/components/net/lwip-2.0.2/src/api/err.o
LOAD ./rt-thread/components/net/lwip-2.0.2/src/api/netbuf.o
LOAD ./rt-thread/components/net/lwip-2.0.2/src/api/netdb.o
LOAD ./rt-thread/components/net/lwip-2.0.2/src/api/netifapi.o
LOAD ./rt-thread/components/net/lwip-2.0.2/src/api/sockets.o
LOAD ./rt-thread/components/net/lwip-2.0.2/src/api/tcpip.o
LOAD ./rt-thread/components/lwp/arch/arm/cortex-a/lwp_gcc.o
LOAD ./rt-thread/components/lwp/lwp.o
LOAD ./rt-thread/components/lwp/lwp_mem.o
LOAD ./rt-thread/components/lwp/lwp_memheap.o
LOAD ./rt-thread/components/lwp/lwp_syscall.o
LOAD ./rt-thread/components/libc/time/clock_time.o
LOAD ./rt-thread/components/libc/time/posix_sleep.o
LOAD ./rt-thread/components/libc/termios/posix_termios.o
LOAD ./rt-thread/components/libc/signal/posix_signal.o
LOAD ./rt-thread/components/libc/pthreads/mqueue.o
LOAD ./rt-thread/components/libc/pthreads/pthread.o
LOAD ./rt-thread/components/libc/pthreads/pthread_attr.o
LOAD ./rt-thread/components/libc/pthreads/pthread_barrier.o
LOAD ./rt-thread/components/libc/pthreads/pthread_cond.o
LOAD ./rt-thread/components/libc/pthreads/pthread_mutex.o
LOAD ./rt-thread/components/libc/pthreads/pthread_rwlock.o
LOAD ./rt-thread/components/libc/pthreads/pthread_spin.o
LOAD ./rt-thread/components/libc/pthreads/pthread_tls.o
LOAD ./rt-thread/components/libc/pthreads/sched.o
LOAD ./rt-thread/components/libc/pthreads/semaphore.o
LOAD ./rt-thread/components/libc/mmap/posix_mmap.o
LOAD ./rt-thread/components/libc/compilers/newlib/libc.o
LOAD ./rt-thread/components/libc/compilers/newlib/libc_syms.o
LOAD ./rt-thread/components/libc/compilers/newlib/stdio.o
LOAD ./rt-thread/components/libc/compilers/newlib/syscalls.o
LOAD ./rt-thread/components/libc/compilers/newlib/time.o
LOAD ./rt-thread/components/libc/aio/posix_aio.o
LOAD ./rt-thread/components/finsh/cmd.o
LOAD ./rt-thread/components/finsh/finsh_compiler.o
LOAD ./rt-thread/components/finsh/finsh_error.o
LOAD ./rt-thread/components/finsh/finsh_heap.o
LOAD ./rt-thread/components/finsh/finsh_init.o
LOAD ./rt-thread/components/finsh/finsh_node.o
LOAD ./rt-thread/components/finsh/finsh_ops.o
LOAD ./rt-thread/components/finsh/finsh_parser.o
LOAD ./rt-thread/components/finsh/finsh_token.o
LOAD ./rt-thread/components/finsh/finsh_var.o
LOAD ./rt-thread/components/finsh/finsh_vm.o
LOAD ./rt-thread/components/finsh/msh.o
LOAD ./rt-thread/components/finsh/msh_file.o
LOAD ./rt-thread/components/finsh/shell.o
LOAD ./rt-thread/components/drivers/watchdog/watchdog.o
LOAD ./rt-thread/components/drivers/src/completion.o
LOAD ./rt-thread/components/drivers/src/dataqueue.o
LOAD ./rt-thread/components/drivers/src/pipe.o
LOAD ./rt-thread/components/drivers/src/ringblk_buf.o
LOAD ./rt-thread/components/drivers/src/ringbuffer.o
LOAD ./rt-thread/components/drivers/src/waitqueue.o
LOAD ./rt-thread/components/drivers/src/workqueue.o
LOAD ./rt-thread/components/drivers/spi/sfud/src/sfud.o
LOAD ./rt-thread/components/drivers/spi/sfud/src/sfud_sfdp.o
LOAD ./rt-thread/components/drivers/spi/spi_core.o
LOAD ./rt-thread/components/drivers/spi/spi_dev.o
LOAD ./rt-thread/components/drivers/spi/spi_flash_sfud.o
LOAD ./rt-thread/components/drivers/spi/spi_msd.o
LOAD ./rt-thread/components/drivers/serial/serial.o
LOAD ./rt-thread/components/drivers/sdio/block_dev.o
LOAD ./rt-thread/components/drivers/sdio/mmc.o
LOAD ./rt-thread/components/drivers/sdio/mmcsd_core.o
LOAD ./rt-thread/components/drivers/sdio/sd.o
LOAD ./rt-thread/components/drivers/sdio/sdio.o
LOAD ./rt-thread/components/drivers/rtc/rtc.o
LOAD ./rt-thread/components/drivers/rtc/soft_rtc.o
LOAD ./rt-thread/components/drivers/mtd/mtd_nand.o
LOAD ./rt-thread/components/drivers/mtd/mtd_nor.o
LOAD ./rt-thread/components/drivers/misc/pin.o
LOAD ./rt-thread/components/drivers/i2c/i2c-bit-ops.o
LOAD ./rt-thread/components/drivers/i2c/i2c_core.o
LOAD ./rt-thread/components/drivers/i2c/i2c_dev.o
LOAD ./rt-thread/components/dfs/src/dfs.o
LOAD ./rt-thread/components/dfs/src/dfs_file.o
LOAD ./rt-thread/components/dfs/src/dfs_fs.o
LOAD ./rt-thread/components/dfs/src/dfs_posix.o
LOAD ./rt-thread/components/dfs/src/poll.o
LOAD ./rt-thread/components/dfs/src/select.o
LOAD ./rt-thread/components/dfs/filesystems/romfs/dfs_romfs.o
LOAD ./rt-thread/components/dfs/filesystems/romfs/romfs.o
LOAD ./rt-thread/components/dfs/filesystems/ramfs/dfs_ramfs.o
LOAD ./rt-thread/components/dfs/filesystems/elmfat/option/ccsbcs.o
LOAD ./rt-thread/components/dfs/filesystems/elmfat/dfs_elm.o
LOAD ./rt-thread/components/dfs/filesystems/elmfat/ff.o
LOAD ./rt-thread/components/dfs/filesystems/devfs/devfs.o
LOAD ./rt-thread/components/cplusplus/Mutex.o
LOAD ./rt-thread/components/cplusplus/Semaphore.o
LOAD ./rt-thread/components/cplusplus/Thread.o
LOAD ./rt-thread/components/cplusplus/crt.o
LOAD ./rt-thread/components/cplusplus/crt_init.o
LOAD ./drivers/board.o
LOAD ./drivers/drv_keyboard.o
LOAD ./drivers/drv_mouse.o
LOAD ./drivers/drv_sdio.o
LOAD ./drivers/drv_smc911x.o
LOAD ./drivers/drv_timer.o
LOAD ./drivers/secondary_cpu.o
LOAD ./drivers/serial.o
LOAD ./applications/lcd_init.o
LOAD ./applications/main.o
LOAD ./applications/mnt.o
LOAD c:/rt-threadstudio/repo/extract/toolchain_support_packages/arm/gnu_tools_for_arm_embedded_processors/5.4.1/bin/../lib/gcc/arm-none-eabi/5.4.1/../../../../arm-none-eabi/lib/armv7-ar/thumb\libstdc++.a
LOAD c:/rt-threadstudio/repo/extract/toolchain_support_packages/arm/gnu_tools_for_arm_embedded_processors/5.4.1/bin/../lib/gcc/arm-none-eabi/5.4.1/../../../../arm-none-eabi/lib/armv7-ar/thumb\libm.a
START GROUP
LOAD c:/rt-threadstudio/repo/extract/toolchain_support_packages/arm/gnu_tools_for_arm_embedded_processors/5.4.1/bin/../lib/gcc/arm-none-eabi/5.4.1/armv7-ar/thumb\libgcc.a
LOAD c:/rt-threadstudio/repo/extract/toolchain_support_packages/arm/gnu_tools_for_arm_embedded_processors/5.4.1/bin/../lib/gcc/arm-none-eabi/5.4.1/../../../../arm-none-eabi/lib/armv7-ar/thumb\libg.a
LOAD c:/rt-threadstudio/repo/extract/toolchain_support_packages/arm/gnu_tools_for_arm_embedded_processors/5.4.1/bin/../lib/gcc/arm-none-eabi/5.4.1/../../../../arm-none-eabi/lib/armv7-ar/thumb\libc.a
END GROUP
LOAD c:/rt-threadstudio/repo/extract/toolchain_support_packages/arm/gnu_tools_for_arm_embedded_processors/5.4.1/bin/../lib/gcc/arm-none-eabi/5.4.1/armv7-ar/thumb/crtend.o
LOAD c:/rt-threadstudio/repo/extract/toolchain_support_packages/arm/gnu_tools_for_arm_embedded_processors/5.4.1/bin/../lib/gcc/arm-none-eabi/5.4.1/armv7-ar/thumb/crtn.o
                0x60010000                . = 0x60010000
                0x60010000                __text_start = .

.text           0x60010000    0x85508
 *(.vectors)
 .vectors       0x60010000       0x40 ./rt-thread/libcpu/arm/cortex-a/vector_gcc.o
                0x60010000                system_vectors
 *(.text)
 .text          0x60010040      0x1c4 ./rt-thread/src/clock.o
                0x60010040                rt_system_tick_init
                0x60010058                rt_tick_get
                0x60010078                rt_tick_set
                0x600100b8                rt_tick_increase
                0x60010140                rt_tick_from_millisecond
 .text          0x60010204      0x214 ./rt-thread/src/components.o
                0x60010274                rt_components_board_init
                0x600102c8                rt_components_init
                0x6001031c                entry
                0x60010334                main_thread_entry
                0x6001035c                rt_application_init
                0x600103d0                rtthread_startup
 .text          0x60010418      0x384 ./rt-thread/src/cpu.o
                0x600104d4                rt_spin_lock_init
                0x600104fc                rt_spin_lock
                0x60010528                rt_spin_unlock
                0x60010554                rt_spin_lock_irqsave
                0x60010590                rt_spin_unlock_irqrestore
                0x600105c8                rt_cpu_self
                0x600105f8                rt_cpu_index
                0x60010634                rt_cpus_lock
                0x600106c4                rt_cpus_unlock
                0x60010750                rt_cpus_lock_status_restore
 .text          0x6001079c      0xba0 ./rt-thread/src/device.o
                0x60010834                rt_device_register
                0x600108e4                rt_device_unregister
                0x60010994                rt_device_init_all
                0x600109b0                rt_device_find
                0x60010aa0                rt_device_create
                0x60010b28                rt_device_destroy
                0x60010bdc                rt_device_init
                0x60010ca8                rt_device_open
                0x60010ea4                rt_device_close
                0x60010fb8                rt_device_read
                0x6001109c                rt_device_write
                0x60011180                rt_device_control
                0x60011234                rt_device_set_rx_indicate
                0x600112b8                rt_device_set_tx_complete
 .text          0x6001133c      0x4b4 ./rt-thread/src/idle.o
                0x600113a0                rt_thread_idle_sethook
                0x60011434                rt_thread_idle_delhook
                0x60011510                rt_thread_idle_excute
                0x600116cc                rt_thread_idle_init
                0x600117c4                rt_thread_idle_gethandler
 .text          0x600117f0     0x3b24 ./rt-thread/src/ipc.o
                0x60011a9c                rt_sem_init
                0x60011b4c                rt_sem_detach
                0x60011c0c                rt_sem_create
                0x60011cf4                rt_sem_delete
                0x60011e00                rt_sem_take
                0x6001204c                rt_sem_trytake
                0x60012078                rt_sem_release
                0x60012184                rt_sem_control
                0x60012258                rt_mutex_init
                0x60012304                rt_mutex_detach
                0x600123c4                rt_mutex_create
                0x600124a4                rt_mutex_delete
                0x600125b0                rt_mutex_take
                0x600128c0                rt_mutex_release
                0x60012b64                rt_mutex_control
                0x60012be0                rt_event_init
                0x60012c68                rt_event_detach
                0x60012d28                rt_event_create
                0x60012de4                rt_event_delete
                0x60012ef0                rt_event_send
                0x60013128                rt_event_recv
                0x60013494                rt_event_control
                0x6001355c                rt_mb_init
                0x60013628                rt_mb_detach
                0x600136f8                rt_mb_create
                0x60013834                rt_mb_delete
                0x60013960                rt_mb_send_wait
                0x60013cd4                rt_mb_send
                0x60013d08                rt_mb_recv
                0x600140d4                rt_mb_control
                0x600141c4                rt_mq_init
                0x60014330                rt_mq_detach
                0x60014400                rt_mq_create
                0x600145d0                rt_mq_delete
                0x600146fc                rt_mq_send_wait
                0x60014b14                rt_mq_send
                0x60014b50                rt_mq_urgent
                0x60014d78                rt_mq_recv
                0x600151d0                rt_mq_control
 .text          0x60015314      0x164 ./rt-thread/src/irq.o
                0x60015314                rt_interrupt_enter_sethook
                0x60015344                rt_interrupt_leave_sethook
                0x60015374                rt_interrupt_enter
                0x600153d8                rt_interrupt_leave
                0x6001543c                rt_interrupt_get_nest
 .text          0x60015478     0x1de8 ./rt-thread/src/kservice.o
                0x60015478                rt_get_errno
                0x600154dc                rt_set_errno
                0x6001554c                _rt_errno
                0x600155a8                rt_memset
                0x60015708                rt_memcpy
                0x600158a0                rt_memmove
                0x6001599c                rt_memcmp
                0x60015a44                rt_strstr
                0x60015af0                rt_strcasecmp
                0x60015bac                rt_strncpy
                0x60015c6c                rt_strncmp
                0x60015cfc                rt_strcmp
                0x60015d7c                rt_strnlen
                0x60015df0                rt_strlen
                0x60015e44                rt_strdup
                0x60015ea8                rt_show_version
                0x6001637c                rt_vsnprintf
                0x60016c44                rt_snprintf
                0x60016c94                rt_vsprintf
                0x60016cd0                rt_sprintf
                0x60016d18                rt_console_get_device
                0x60016d3c                rt_console_set_device
                0x60016dc8                rt_hw_console_output
                0x60016de8                rt_kputs
                0x60016eac                rt_kprintf
                0x60016fa0                rt_malloc_align
                0x60017098                rt_free_align
                0x600170cc                __rt_ffs
                0x600171a4                rt_assert_set_hook
                0x600171d4                rt_assert_handler
 .text          0x60017260     0x152c ./rt-thread/src/mem.o
                0x60017260                rt_malloc_sethook
                0x60017290                rt_free_sethook
                0x60017588                rt_system_heap_init
                0x600177b0                rt_malloc
                0x60017cf8                rt_realloc
                0x60017fe8                rt_calloc
                0x6001804c                rt_free
                0x600182fc                rt_memory_info
                0x60018384                list_mem
                0x600183e8                memcheck
                0x60018578                memtrace
 .text          0x6001878c      0xf50 ./rt-thread/src/memheap.o
                0x6001878c                rt_memheap_init
                0x600189e8                rt_memheap_detach
                0x60018aa8                rt_memheap_alloc
                0x60018e50                rt_memheap_realloc
                0x600193e0                rt_memheap_free
 .text          0x600196dc      0xb00 ./rt-thread/src/mempool.o
                0x600197b0                rt_mp_alloc_sethook
                0x600197e0                rt_mp_free_sethook
                0x60019810                rt_mp_init
                0x600199f8                rt_mp_detach
                0x60019b04                rt_mp_create
                0x60019d1c                rt_mp_delete
                0x60019e84                rt_mp_alloc
                0x6001a0dc                rt_mp_free
 .text          0x6001a1dc      0x874 ./rt-thread/src/object.o
                0x6001a29c                rt_object_attach_sethook
                0x6001a2cc                rt_object_detach_sethook
                0x6001a2fc                rt_object_trytake_sethook
                0x6001a32c                rt_object_take_sethook
                0x6001a35c                rt_object_put_sethook
                0x6001a38c                rt_system_object_init
                0x6001a3a4                rt_object_get_information
                0x6001a424                rt_object_init
                0x6001a580                rt_object_detach
                0x6001a614                rt_object_allocate
                0x6001a77c                rt_object_delete
                0x6001a844                rt_object_is_systemobject
                0x6001a8a4                rt_object_get_type
                0x6001a8f4                rt_object_find
 .text          0x6001aa50      0xdf8 ./rt-thread/src/scheduler.o
                0x6001ab88                rt_scheduler_sethook
                0x6001ad60                rt_system_scheduler_init
                0x6001ae4c                rt_system_scheduler_start
                0x6001aea4                rt_scheduler_ipi_handler
                0x6001aec8                rt_schedule
                0x6001b14c                rt_scheduler_do_irq_switch
                0x6001b3c4                rt_schedule_insert_thread
                0x6001b594                rt_schedule_remove_thread
                0x6001b6bc                rt_enter_critical
                0x6001b754                rt_exit_critical
                0x6001b818                rt_critical_level
 .text          0x6001b848      0xe98 ./rt-thread/src/signal.o
                0x6001bb1c                rt_signal_check
                0x6001bbf8                rt_signal_install
                0x6001bd18                rt_signal_mask
                0x6001bd70                rt_signal_unmask
                0x6001bdf4                rt_signal_wait
                0x6001c128                rt_thread_handle_sig
                0x6001c2b8                rt_thread_alloc_sig
                0x6001c360                rt_thread_free_sig
                0x6001c41c                rt_thread_kill
                0x6001c658                rt_system_signal_init
 .text          0x6001c6e0     0x113c ./rt-thread/src/thread.o
                0x6001c7dc                rt_thread_suspend_sethook
                0x6001c80c                rt_thread_resume_sethook
                0x6001c83c                rt_thread_inited_sethook
                0x6001c86c                rt_thread_exit
                0x6001cb30                rt_thread_init
                0x6001cbe8                rt_thread_self
                0x6001cc24                rt_thread_startup
                0x6001cd18                rt_thread_detach
                0x6001ce44                rt_thread_create
                0x6001cef0                rt_thread_delete
                0x6001cfec                rt_thread_yield
                0x6001d004                rt_thread_sleep
                0x6001d0dc                rt_thread_delay
                0x6001d104                rt_thread_delay_until
                0x6001d264                rt_thread_mdelay
                0x6001d298                rt_thread_control
                0x6001d438                rt_thread_suspend
                0x6001d578                rt_thread_resume
                0x6001d664                rt_thread_timeout
                0x6001d72c                rt_thread_find
 .text          0x6001d81c      0xf74 ./rt-thread/src/timer.o
                0x6001d954                rt_timer_enter_sethook
                0x6001d984                rt_timer_exit_sethook
                0x6001db24                rt_timer_init
                0x6001db9c                rt_timer_detach
                0x6001dc60                rt_timer_create
                0x6001dccc                rt_timer_delete
                0x6001dd90                rt_timer_start
                0x6001e140                rt_timer_stop
                0x6001e22c                rt_timer_control
                0x6001e328                rt_timer_check
                0x6001e484                rt_timer_next_timeout_tick
                0x6001e4a4                rt_soft_timer_check
                0x6001e690                rt_system_timer_init
                0x6001e6e8                rt_system_timer_thread_init
 .text          0x6001e790       0x24 ./rt-thread/libcpu/arm/cortex-a/context_gcc.o
                0x6001e790                rt_hw_local_irq_disable
                0x6001e79c                rt_hw_local_irq_enable
                0x6001e7a4                rt_hw_context_switch_to
 .text          0x6001e7b4      0x154 ./rt-thread/libcpu/arm/cortex-a/cp15_gcc.o
                0x6001e7b4                rt_cpu_get_smp_id
                0x6001e7bc                rt_cpu_vector_set_base
                0x6001e7d4                rt_hw_cpu_dcache_enable
                0x6001e7e4                rt_hw_cpu_icache_enable
                0x6001e7fc                rt_cpu_dcache_clean_flush
                0x6001e890                rt_cpu_icache_flush
                0x6001e8a4                rt_hw_cpu_dcache_disable
                0x6001e8c0                rt_hw_cpu_icache_disable
                0x6001e8d0                rt_cpu_mmu_disable
                0x6001e8e8                rt_cpu_mmu_enable
                0x6001e8fc                rt_cpu_tlb_set
 .text          0x6001e908      0x174 ./rt-thread/libcpu/arm/cortex-a/cpu.o
                0x6001e908                rt_hw_cpu_id
                0x6001e93c                rt_hw_spin_lock_init
                0x6001e968                rt_hw_spin_lock
                0x6001e9e0                rt_hw_spin_unlock
                0x6001ea24                rt_hw_cpu_shutdown
 .text          0x6001ea7c     0x1258 ./rt-thread/libcpu/arm/cortex-a/gic.o
                0x6001ea7c                arm_gic_get_active_irq
                0x6001eb2c                arm_gic_ack
                0x6001ece4                arm_gic_mask
                0x6001ee04                arm_gic_clear_pending
                0x6001ef24                arm_gic_clear_active
                0x6001f044                arm_gic_set_cpu
                0x6001f1fc                arm_gic_umask
                0x6001f31c                arm_gic_dump_type
                0x6001f430                arm_gic_dump
                0x6001f66c                arm_gic_dist_init
                0x6001f98c                arm_gic_cpu_init
                0x6001fa38                arm_gic_set_group
                0x6001fc50                rt_hw_ipi_send
                0x6001fc9c                rt_hw_ipi_handler_install
 .text          0x6001fcd4      0x24c ./rt-thread/libcpu/arm/cortex-a/interrupt.o
                0x6001fd14                rt_hw_vector_init
                0x6001fd34                rt_hw_interrupt_init
                0x6001fd9c                rt_hw_interrupt_mask
                0x6001fdc4                rt_hw_interrupt_umask
                0x6001fdec                rt_hw_interrupt_get_irq
                0x6001fe0c                rt_hw_interrupt_ack
                0x6001fe34                rt_hw_interrupt_install
 .text          0x6001ff20      0x590 ./rt-thread/libcpu/arm/cortex-a/mmu.o
                0x6001ff20                rt_hw_cpu_dump_page_table_2nd
                0x600200cc                rt_hw_cpu_dump_page_table
                0x60020310                rt_hw_mmu_setmtt
                0x600203c8                rt_hw_set_domain_register
                0x600203fc                rt_hw_init_mmu_table
                0x60020468                rt_hw_mmu_init
 .text          0x600204b0      0x25c ./rt-thread/libcpu/arm/cortex-a/stack.o
                0x600204b0                rt_hw_stack_init
 .text          0x6002070c       0xdc ./rt-thread/libcpu/arm/cortex-a/start_gcc.o
                0x6002070c                _reset
 .text          0x600207e8      0x39c ./rt-thread/libcpu/arm/cortex-a/trap.o
                0x600207e8                rt_hw_show_register
                0x600208f8                rt_hw_trap_undef
                0x60020930                rt_hw_trap_swi
                0x60020968                rt_hw_trap_pabt
                0x600209a0                rt_hw_trap_dabt
                0x600209d8                rt_hw_trap_resv
                0x60020a10                rt_hw_trap_irq
                0x60020b00                rt_hw_trap_fiq
 .text          0x60020b84     0x1ecc ./rt-thread/components/net/sal_socket/src/sal_socket.o
                0x60020b84                sal_init
                0x600210a8                sal_check_netdev_internet_up
                0x6002116c                sal_get_socket
                0x60021284                sal_netdev_cleanup
                0x600218b0                sal_accept
                0x60021a78                sal_bind
                0x60021c6c                sal_shutdown
                0x60021d24                sal_getpeername
                0x60021dbc                sal_getsockname
                0x60021e54                sal_getsockopt
                0x60021efc                sal_setsockopt
                0x60021fa4                sal_connect
                0x60022060                sal_listen
                0x600220f0                sal_recvfrom
                0x600221c0                sal_sendto
                0x60022290                sal_socket
                0x600223c4                sal_closesocket
                0x6002247c                sal_ioctlsocket
                0x60022514                sal_poll
                0x600225c8                sal_gethostbyname
                0x600226d4                sal_gethostbyname_r
                0x60022824                sal_getaddrinfo
                0x60022954                sal_freeaddrinfo
 .text          0x60022a50      0x740 ./rt-thread/components/net/sal_socket/socket/net_sockets.o
                0x60022a50                accept
                0x60022b70                bind
                0x60022bb4                shutdown
                0x60022c74                getpeername
                0x60022cb8                getsockname
                0x60022cfc                getsockopt
                0x60022d50                setsockopt
                0x60022da4                connect
                0x60022de8                listen
                0x60022e24                recv
                0x60022e80                recvfrom
                0x60022edc                send
                0x60022f38                sendto
                0x60022f94                socket
                0x6002308c                closesocket
                0x6002314c                ioctlsocket
 .text          0x60023190      0x5dc ./rt-thread/components/net/sal_socket/impl/af_inet_lwip.o
                0x600235ac                inet_ioctlsocket
                0x60023718                sal_lwip_netdev_set_pf_info
 .text          0x6002376c      0x1e8 ./rt-thread/components/net/sal_socket/dfs_net/dfs_net.o
                0x6002376c                dfs_net_getsocket
                0x60023934                dfs_net_get_fops
 .text          0x60023954     0x261c ./rt-thread/components/net/netdev/src/netdev.o
                0x60023a94                netdev_register
                0x60023c50                netdev_unregister
                0x60023de4                netdev_get_first_by_flags
                0x60023eb0                netdev_get_by_ipaddr
                0x60023f74                netdev_get_by_name
                0x60024058                netdev_get_by_family
                0x600241e4                netdev_family_get
                0x60024230                netdev_set_default
                0x60024290                netdev_set_up
                0x60024360                netdev_set_down
                0x60024430                netdev_dhcp_enabled
                0x60024520                netdev_set_ipaddr
                0x60024654                netdev_set_netmask
                0x60024788                netdev_set_gw
                0x600248bc                netdev_set_dns_server
                0x600249f0                netdev_set_status_callback
                0x60024a64                netdev_set_addr_callback
                0x60024ad8                netdev_low_level_set_ipaddr
                0x60024ba4                netdev_low_level_set_netmask
                0x60024c90                netdev_low_level_set_gw
                0x60024d7c                netdev_low_level_set_dns_server
                0x60024ed8                netdev_low_level_set_status
                0x60024fa0                netdev_low_level_set_link_status
                0x600250d0                netdev_low_level_set_dhcp_status
                0x600256c4                netdev_ifconfig
                0x600257bc                netdev_cmd_ping
                0x60025b50                netdev_ping
                0x60025d70                netdev_dns
                0x60025f2c                netdev_netstat
 .text          0x60025f70      0x70c ./rt-thread/components/net/netdev/src/netdev_ipaddr.o
                0x60025f70                netdev_ip4addr_aton
                0x600263a4                netdev_ip4addr_ntoa_r
                0x60026558                netdev_ip4addr_ntoa
                0x6002658c                netdev_ipaddr_addr
                0x600265d0                netdev_inet_ntop
                0x60026628                netdev_inet_pton
 .text          0x6002667c      0x2ec ./rt-thread/components/net/lwip-2.0.2/src/netif/ethernet.o
                0x6002667c                ethernet_input
                0x60026880                ethernet_output
 .text          0x60026968     0x1870 ./rt-thread/components/net/lwip-2.0.2/src/netif/ethernetif.o
                0x60026b00                lwip_netdev_ping
                0x60026db8                lwip_netdev_netstat
                0x600271fc                eth_device_init_with_flag
                0x600273a0                eth_device_init
                0x600273ec                eth_device_deinit
                0x6002746c                eth_device_ready
                0x600274b8                eth_device_linkchange
                0x60027790                eth_system_device_init
                0x600277ac                eth_system_device_init_private
                0x600279b0                set_if
                0x60027b10                set_dns
                0x60027b70                list_if
                0x60027e24                list_tcps
                0x600280dc                list_udps
 .text          0x600281d8     0x3688 ./rt-thread/components/net/lwip-2.0.2/src/core/ipv4/dhcp.o
                0x60028750                dhcp_coarse_tmr
                0x60028884                dhcp_fine_tmr
                0x60028db0                dhcp_set_struct
                0x60028e68                dhcp_cleanup
                0x60028ed8                dhcp_start
                0x6002908c                dhcp_inform
                0x600291c8                dhcp_network_changed
                0x60029278                dhcp_arp_reply
                0x60029934                dhcp_renew
                0x60029ec0                dhcp_release
                0x6002a0a0                dhcp_stop
                0x6002b7e0                dhcp_supplied_address
 .text          0x6002b860     0x1fdc ./rt-thread/components/net/lwip-2.0.2/src/core/ipv4/etharp.o
                0x6002ba14                etharp_tmr
                0x6002c480                etharp_cleanup_netif
                0x6002c540                etharp_find_addr
                0x6002c664                etharp_get_entry
                0x6002c7ec                etharp_input
                0x6002cc54                etharp_output
                0x6002cfb4                etharp_query
                0x6002d804                etharp_request
 .text          0x6002d83c      0x604 ./rt-thread/components/net/lwip-2.0.2/src/core/ipv4/icmp.o
                0x6002d83c                icmp_input
                0x6002dc48                icmp_dest_unreach
                0x6002dc80                icmp_time_exceeded
 .text          0x6002de40     0x1048 ./rt-thread/components/net/lwip-2.0.2/src/core/ipv4/igmp.o
                0x6002de40                igmp_init
                0x6002de80                igmp_start
                0x6002df18                igmp_stop
                0x6002dfac                igmp_report_groups
                0x6002e014                igmp_lookfor_group
                0x6002e298                igmp_input
                0x6002e4d4                igmp_joingroup
                0x6002e618                igmp_joingroup_netif
                0x6002e798                igmp_leavegroup
                0x6002e8dc                igmp_leavegroup_netif
                0x6002ea60                igmp_tmr
 .text          0x6002ee88      0xed0 ./rt-thread/components/net/lwip-2.0.2/src/core/ipv4/ip4.o
                0x6002ee88                ip4_set_default_multicast_netif
                0x6002eeb8                ip4_route
                0x6002f064                ip4_input
                0x6002f678                ip4_output_if
                0x6002f6e4                ip4_output_if_opt
                0x6002f78c                ip4_output_if_src
                0x6002f7f8                ip4_output_if_opt_src
                0x6002fcb0                ip4_output
 .text          0x6002fd58      0x7d0 ./rt-thread/components/net/lwip-2.0.2/src/core/ipv4/ip4_addr.o
                0x6002fd58                ip4_addr_isbroadcast_u32
                0x6002fe48                ip4_addr_netmask_valid
                0x6002feec                ipaddr_addr
                0x6002ff30                ip4addr_aton
                0x60030340                ip4addr_ntoa
                0x60030374                ip4addr_ntoa_r
 .text          0x60030528     0x1464 ./rt-thread/components/net/lwip-2.0.2/src/core/ipv4/ip4_frag.o
                0x60030528                ip_reass_tmr
                0x60030ffc                ip4_reass
                0x60031584                ip4_frag
 .text          0x6003198c      0x400 ./rt-thread/components/net/lwip-2.0.2/src/core/def.o
                0x6003198c                lwip_htons
                0x600319bc                lwip_htonl
                0x60031a10                lwip_strnstr
                0x60031adc                lwip_stricmp
                0x60031b9c                lwip_strnicmp
                0x60031c74                lwip_itoa
 .text          0x60031d8c     0x19a4 ./rt-thread/components/net/lwip-2.0.2/src/core/dns.o
                0x60031d8c                dns_init
                0x60031da4                dns_setserver
                0x60031e6c                dns_getserver
                0x60031ebc                dns_tmr
                0x600335fc                dns_gethostbyname
                0x60033644                dns_gethostbyname_addrtype
 .text          0x60033730      0x894 ./rt-thread/components/net/lwip-2.0.2/src/core/inet_chksum.o
                0x60033730                lwip_standard_chksum
                0x60033a24                inet_chksum_pseudo
                0x60033af8                ip_chksum_pseudo
                0x60033d3c                inet_chksum_pseudo_partial
                0x60033e18                ip_chksum_pseudo_partial
                0x60033e6c                inet_chksum
                0x60033eac                inet_chksum_pbuf
 .text          0x60033fc4       0x3c ./rt-thread/components/net/lwip-2.0.2/src/core/init.o
                0x60033fc4                lwip_init
 .text          0x60034000      0x678 ./rt-thread/components/net/lwip-2.0.2/src/core/memp.o
                0x60034218                memp_init_pool
                0x600342d0                memp_init
                0x600343fc                memp_malloc_pool_fn
                0x60034470                memp_malloc_fn
                0x6003458c                memp_free_pool
                0x600345fc                memp_free
 .text          0x60034678      0xa5c ./rt-thread/components/net/lwip-2.0.2/src/core/netif.o
                0x60034678                netif_init
                0x60034690                netif_input
                0x600346e8                netif_add
                0x60034868                netif_set_addr
                0x600348f8                netif_remove
                0x60034a58                netif_find
                0x60034b20                netif_set_ipaddr
                0x60034c44                netif_set_gw
                0x60034cb0                netif_set_netmask
                0x60034d1c                netif_set_default
                0x60034d4c                netif_set_up
                0x60034e80                netif_set_down
                0x60034f24                netif_set_status_callback
                0x60034f60                netif_set_link_up
                0x60035010                netif_set_link_down
                0x60035098                netif_set_link_callback
 .text          0x600350d4     0x1f84 ./rt-thread/components/net/lwip-2.0.2/src/core/pbuf.o
                0x60035200                pbuf_alloc
                0x60035790                pbuf_alloced_custom
                0x600358f4                pbuf_realloc
                0x60035da0                pbuf_header
                0x60035ddc                pbuf_header_force
                0x60035e18                pbuf_free
                0x6003602c                pbuf_clen
                0x60036080                pbuf_ref
                0x600360f4                pbuf_cat
                0x6003621c                pbuf_chain
                0x60036250                pbuf_dechain
                0x6003636c                pbuf_copy
                0x60036644                pbuf_copy_partial
                0x60036890                pbuf_skip
                0x600368d4                pbuf_take
                0x60036ac8                pbuf_take_at
                0x60036be8                pbuf_coalesce
                0x60036c9c                pbuf_get_at
                0x60036cf0                pbuf_try_get_at
                0x60036d68                pbuf_put_at
                0x60036de4                pbuf_memcmp
                0x60036f08                pbuf_memfind
                0x60036fc0                pbuf_strstr
 .text          0x60037058      0x840 ./rt-thread/components/net/lwip-2.0.2/src/core/raw.o
                0x60037108                raw_input
                0x600372c4                raw_bind
                0x60037330                raw_connect
                0x6003739c                raw_recv
                0x600373dc                raw_sendto
                0x60037614                raw_send
                0x60037650                raw_remove
                0x60037714                raw_new
                0x600377a8                raw_new_ip_type
                0x600377e8                raw_netif_ip_addr_changed
 .text          0x60037898     0x31c8 ./rt-thread/components/net/lwip-2.0.2/src/core/tcp.o
                0x60037898                tcp_init
                0x600378b0                tcp_tmr
                0x60037eb4                tcp_close
                0x60037f08                tcp_shutdown
                0x60038008                tcp_abandon
                0x60038284                tcp_abort
                0x600382ac                tcp_bind
                0x6003852c                tcp_listen_with_backlog
                0x60038568                tcp_listen_with_backlog_and_err
                0x60038834                tcp_update_rcv_ann_wnd
                0x6003894c                tcp_recved
                0x60038b74                tcp_connect
                0x60038fa8                tcp_slowtmr
                0x60039968                tcp_fasttmr
                0x60039ad4                tcp_txnow
                0x60039b34                tcp_process_refused_data
                0x60039c9c                tcp_segs_free
                0x60039ce4                tcp_seg_free
                0x60039d38                tcp_setprio
                0x60039d6c                tcp_seg_copy
                0x60039dd8                tcp_recv_null
                0x6003a0f4                tcp_alloc
                0x6003a2e8                tcp_new
                0x6003a304                tcp_new_ip_type
                0x6003a334                tcp_arg
                0x6003a370                tcp_recv
                0x6003a3d4                tcp_sent
                0x6003a438                tcp_err
                0x6003a49c                tcp_accept
                0x6003a4f0                tcp_poll
                0x6003a55c                tcp_pcb_purge
                0x6003a644                tcp_pcb_remove
                0x6003a7f4                tcp_next_iss
                0x6003a848                tcp_eff_send_mss_impl
                0x6003a948                tcp_netif_ip_addr_changed
                0x6003aa2c                tcp_debug_state_str
 .text          0x6003aa60     0x4260 ./rt-thread/components/net/lwip-2.0.2/src/core/tcp_in.o
                0x6003aa60                tcp_input
                0x6003ec88                tcp_trigger_input_pcb_close
 .text          0x6003ecc0     0x2904 ./rt-thread/components/net/lwip-2.0.2/src/core/tcp_out.o
                0x6003ee70                tcp_send_fin
                0x6003f41c                tcp_write
                0x6003ff78                tcp_enqueue_flags
                0x600402dc                tcp_send_empty_ack
                0x60040460                tcp_output
                0x60040d94                tcp_rst
                0x60040f50                tcp_rexmit_rto
                0x60041014                tcp_rexmit
                0x60041138                tcp_rexmit_fast
                0x60041244                tcp_keepalive
                0x6004135c                tcp_zero_window_probe
 .text          0x600415c4      0x7c0 ./rt-thread/components/net/lwip-2.0.2/src/core/timeouts.o
                0x60041634                tcp_timer_needed
                0x600416f0                sys_timeouts_init
                0x60041774                sys_timeout
                0x60041a08                sys_untimeout
                0x60041c58                sys_restart_timeouts
                0x60041d08                sys_timeouts_mbox_fetch
 .text          0x60041d84     0x1070 ./rt-thread/components/net/lwip-2.0.2/src/core/udp.o
                0x60041d84                udp_init
                0x60041f68                udp_input
                0x60042328                udp_send
                0x6004237c                udp_sendto
                0x6004245c                udp_sendto_if
                0x6004253c                udp_sendto_if_src
                0x60042844                udp_bind
                0x60042a1c                udp_connect
                0x60042b5c                udp_disconnect
                0x60042bac                udp_recv
                0x60042bec                udp_remove
                0x60042cb0                udp_new
                0x60042d18                udp_new_ip_type
                0x60042d44                udp_netif_ip_addr_changed
 .text          0x60042df4      0xfe4 ./rt-thread/components/net/lwip-2.0.2/src/arch/sys_arch.o
                0x60043028                lwip_system_init
                0x60043144                sys_init
                0x6004315c                lwip_sys_init
                0x60043170                sys_sem_new
                0x60043268                sys_sem_free
                0x600432e0                sys_sem_signal
                0x6004330c                sys_arch_sem_wait
                0x60043448                sys_sem_valid
                0x60043470                sys_sem_set_invalid
                0x6004349c                sys_mutex_new
                0x60043588                sys_mutex_lock
                0x60043604                sys_mutex_unlock
                0x60043630                sys_mutex_free
                0x600436a8                sys_mutex_valid
                0x600436d0                sys_mutex_set_invalid
                0x600436fc                sys_mbox_new
                0x600437f0                sys_mbox_free
                0x60043868                sys_mbox_post
                0x600438ec                sys_mbox_trypost
                0x6004393c                sys_arch_mbox_fetch
                0x60043a94                sys_arch_mbox_tryfetch
                0x60043afc                sys_mbox_valid
                0x60043b24                sys_mbox_set_invalid
                0x60043b50                sys_thread_new
                0x60043c24                sys_arch_protect
                0x60043c48                sys_arch_unprotect
                0x60043c70                sys_arch_assert
                0x60043cc4                sys_jiffies
                0x60043cdc                sys_now
                0x60043d00                mem_init
                0x60043d18                mem_calloc
                0x60043d58                mem_trim
                0x60043d84                mem_malloc
                0x60043db4                mem_free
 .text          0x60043dd8      0x320 ./rt-thread/components/net/lwip-2.0.2/src/apps/ping/ping.o
                0x60043f08                lwip_ping_send
                0x60044000                lwip_ping_recv
 .text          0x600440f8     0x1218 ./rt-thread/components/net/lwip-2.0.2/src/api/api_lib.o
                0x60044158                netconn_new_with_proto_and_callback
                0x600442e8                netconn_delete
                0x60044368                netconn_getaddr
                0x60044460                netconn_bind
                0x60044508                netconn_connect
                0x600445b0                netconn_disconnect
                0x60044624                netconn_listen_with_backlog
                0x600446a0                netconn_accept
                0x60044b30                netconn_recv_tcp_pbuf
                0x60044ba4                netconn_recv
                0x60044d34                netconn_sendto
                0x60044db0                netconn_send
                0x60044e30                netconn_write_partly
                0x60045078                netconn_close
                0x600450a4                netconn_shutdown
                0x6004511c                netconn_join_leave_group
                0x600451e4                netconn_gethostbyname
 .text          0x60045310     0x3a24 ./rt-thread/components/net/lwip-2.0.2/src/api/api_msg.o
                0x600462e0                lwip_netconn_do_newconn
                0x6004636c                netconn_alloc
                0x60046540                netconn_free
                0x60046d0c                lwip_netconn_do_delconn
                0x600470b8                lwip_netconn_do_bind
                0x60047458                lwip_netconn_do_connect
                0x60047790                lwip_netconn_do_disconnect
                0x6004783c                lwip_netconn_do_listen
                0x60047adc                lwip_netconn_do_send
                0x60047ce4                lwip_netconn_do_recv
                0x600483d0                lwip_netconn_do_write
                0x60048624                lwip_netconn_do_getaddr
                0x600488a4                lwip_netconn_do_close
                0x60048ae4                lwip_netconn_do_join_leave_group
                0x60048cac                lwip_netconn_do_gethostbyname
 .text          0x60048d34       0x5c ./rt-thread/components/net/lwip-2.0.2/src/api/err.o
                0x60048d34                err_to_errno
 .text          0x60048d90      0x5cc ./rt-thread/components/net/lwip-2.0.2/src/api/netbuf.o
                0x60048d90                netbuf_new
                0x60048de0                netbuf_delete
                0x60048e50                netbuf_alloc
                0x60048f4c                netbuf_free
                0x60048fcc                netbuf_ref
                0x600490c8                netbuf_chain
                0x60049174                netbuf_data
                0x6004926c                netbuf_next
                0x60049308                netbuf_first
 .text          0x6004935c      0x6d0 ./rt-thread/components/net/lwip-2.0.2/src/api/netdb.o
                0x6004935c                lwip_gethostbyname
                0x60049480                lwip_gethostbyname_r
                0x60049648                lwip_freeaddrinfo
                0x60049694                lwip_getaddrinfo
 .text          0x60049a2c      0x320 ./rt-thread/components/net/lwip-2.0.2/src/api/netifapi.o
                0x60049b78                netifapi_netif_add
                0x60049c40                netifapi_netif_set_addr
                0x60049cf0                netifapi_netif_common
 .text          0x60049d4c     0x5120 ./rt-thread/components/net/lwip-2.0.2/src/api/sockets.o
                0x60049de4                lwip_socket_thread_init
                0x60049dfc                lwip_socket_thread_cleanup
                0x60049f18                lwip_tryget_socket
                0x6004a180                lwip_accept
                0x6004a5b4                lwip_bind
                0x6004a74c                lwip_close
                0x6004a874                lwip_connect
                0x6004aa48                lwip_listen
                0x6004aba8                lwip_recvfrom
                0x6004b178                lwip_read
                0x6004b1c4                lwip_recv
                0x6004b214                lwip_send
                0x6004b370                lwip_sendmsg
                0x6004b96c                lwip_sendto
                0x6004bbc0                lwip_socket
                0x6004bd00                lwip_write
                0x6004bd3c                lwip_writev
                0x6004c1e8                lwip_select
                0x6004cbc8                lwip_shutdown
                0x6004cf3c                lwip_getpeername
                0x6004cf78                lwip_getsockname
                0x6004cfb4                lwip_getsockopt
                0x6004dae4                lwip_setsockopt
                0x6004e574                lwip_ioctl
                0x6004e810                lwip_fcntl
 .text          0x6004ee6c      0x6bc ./rt-thread/components/net/lwip-2.0.2/src/api/tcpip.o
                0x6004efd4                tcpip_inpkt
                0x6004f0bc                tcpip_input
                0x6004f124                tcpip_callback_with_block
                0x6004f224                tcpip_send_msg_wait_sem
                0x6004f270                tcpip_api_call
                0x6004f2c0                tcpip_callbackmsg_new
                0x6004f334                tcpip_callbackmsg_delete
                0x6004f35c                tcpip_trycallback
                0x6004f3c0                tcpip_init
                0x6004f4c0                pbuf_free_callback
                0x6004f4f4                mem_free_callback
 .text          0x6004f528       0x60 ./rt-thread/components/lwp/arch/arm/cortex-a/lwp_gcc.o
                0x6004f528                lwp_user_entry
                0x6004f544                vector_swi
 .text          0x6004f588      0xa0c ./rt-thread/components/lwp/lwp.o
                0x6004f588                lwp_set_kernel_sp
                0x6004f5c0                lwp_get_kernel_sp
                0x6004fe10                rt_lwp_self
                0x6004fe2c                exec
 .text          0x6004ff94      0x774 ./rt-thread/components/lwp/lwp_mem.o
                0x60050334                rt_lwp_mem_init
                0x60050384                rt_lwp_mem_deinit
                0x60050430                rt_lwp_mem_malloc
                0x60050540                rt_lwp_mem_free
                0x600505fc                rt_lwp_mem_realloc
 .text          0x60050708      0xe24 ./rt-thread/components/lwp/lwp_memheap.o
                0x60050708                rt_lwp_memheap_init
                0x60050950                rt_lwp_memheap_alloc
                0x60050cc8                rt_lwp_memheap_realloc
                0x60051204                rt_lwp_memheap_free
                0x600514ac                rt_lwp_memheap_is_empty
                0x60051510                rt_lwp_memheap_unavailable_size_get
 .text          0x6005152c      0x678 ./rt-thread/components/lwp/lwp_syscall.o
                0x6005158c                sys_exit
                0x600515c4                sys_read
                0x600515fc                sys_write
                0x60051634                sys_lseek
                0x6005166c                sys_open
                0x600516a8                sys_close
                0x600516d0                sys_ioctl
                0x6005170c                sys_nanosleep
                0x600517f0                sys_getpriority
                0x60051850                sys_setpriority
                0x600518dc                sys_gettimeofday
                0x60051968                sys_settimeofday
                0x60051990                sys_msgget
                0x600519b8                sys_msgsend
                0x600519e8                sys_msgrcv
                0x60051a18                sys_log
                0x60051a64                sys_malloc
                0x60051a8c                sys_free
                0x60051ab0                sys_realloc
                0x60051ae0                sys_fstat
                0x60051b10                sys_notimpl
                0x60051b2c                lwp_get_sys_api
 .text          0x60051ba4      0x490 ./rt-thread/components/libc/time/clock_time.o
                0x60051ba4                clock_time_system_init
                0x60051c6c                clock_time_to_tick
                0x60051da0                clock_getres
                0x60051e28                clock_gettime
                0x60051f28                clock_settime
 .text          0x60052034      0x320 ./rt-thread/components/libc/termios/posix_termios.o
                0x60052034                tcgetattr
                0x6005207c                tcsetattr
                0x60052118                tcgetsid
                0x6005213c                cfgetospeed
                0x6005216c                cfgetispeed
                0x60052194                cfsetospeed
                0x60052214                cfsetispeed
                0x60052258                tcsendbreak
                0x60052280                tcflush
                0x600522b8                tcflow
                0x600522f0                tcdrain
                0x60052314                isatty
 .text          0x60052354      0x308 ./rt-thread/components/libc/signal/posix_signal.o
                0x60052354                signal
                0x60052384                sigprocmask
                0x60052464                sigaction
                0x60052510                sigtimedwait
                0x60052598                sigwait
                0x600525f4                sigwaitinfo
                0x60052628                raise
 .text          0x6005265c      0x7e8 ./rt-thread/components/libc/pthreads/mqueue.o
                0x6005265c                posix_mq_system_init
                0x6005283c                mq_setattr
                0x6005286c                mq_getattr
                0x60052900                mq_open
                0x60052ae4                mq_receive
                0x60052b70                mq_send
                0x60052bfc                mq_timedreceive
                0x60052cac                mq_timedsend
                0x60052cec                mq_notify
                0x60052d18                mq_close
                0x60052db0                mq_unlink
 .text          0x60052e44     0x10c0 ./rt-thread/components/libc/pthreads/pthread.o
                0x60052e44                _pthread_get_data
                0x60052ed0                _pthread_data_get_pth
                0x60052f50                _pthread_data_create
                0x60053064                _pthread_data_destroy
                0x60053170                pthread_system_init
                0x600532a0                pthread_create
                0x60053584                pthread_detach
                0x600536a8                pthread_join
                0x6005376c                pthread_self
                0x600537e0                pthread_exit
                0x60053954                pthread_once
                0x600539f0                pthread_atfork
                0x60053a1c                pthread_kill
                0x60053a74                pthread_sigmask
                0x60053aac                pthread_cleanup_pop
                0x60053b78                pthread_cleanup_push
                0x60053c34                pthread_setcancelstate
                0x60053cf4                pthread_setcanceltype
                0x60053db8                pthread_testcancel
                0x60053e54                pthread_cancel
 .text          0x60053f04      0x608 ./rt-thread/components/libc/pthreads/pthread_attr.o
                0x60053f04                pthread_attr_init
                0x60053f6c                pthread_attr_destroy
                0x60053fc0                pthread_attr_setdetachstate
                0x60054034                pthread_attr_getdetachstate
                0x6005408c                pthread_attr_setschedpolicy
                0x600540e0                pthread_attr_getschedpolicy
                0x60054138                pthread_attr_setschedparam
                0x600541b4                pthread_attr_getschedparam
                0x60054230                pthread_attr_setstacksize
                0x60054284                pthread_attr_getstacksize
                0x600542e0                pthread_attr_setstackaddr
                0x60054328                pthread_attr_getstackaddr
                0x60054370                pthread_attr_setstack
                0x600543d8                pthread_attr_getstack
                0x60054448                pthread_attr_setguardsize
                0x60054470                pthread_attr_getguardsize
                0x60054498                pthread_attr_setscope
                0x600544e8                pthread_attr_getscope
 .text          0x6005450c      0x2e0 ./rt-thread/components/libc/pthreads/pthread_tls.o
                0x6005450c                pthread_key_system_init
                0x60054530                pthread_getspecific
                0x600545f4                pthread_setspecific
                0x600546d0                pthread_key_create
                0x60054780                pthread_key_delete
 .text          0x600547ec      0x900 ./rt-thread/components/libc/pthreads/semaphore.o
                0x600547ec                posix_sem_system_init
                0x600549cc                sem_close
                0x60054a6c                sem_destroy
                0x60054b18                sem_unlink
                0x60054bac                sem_getvalue
                0x60054c10                sem_init
                0x60054d10                sem_open
                0x60054ee4                sem_post
                0x60054f50                sem_timedwait
                0x60054ff0                sem_trywait
                0x6005507c                sem_wait
 .text          0x600550ec       0x58 ./rt-thread/components/libc/compilers/newlib/libc.o
                0x600550ec                libc_system_init
 .text          0x60055144      0x23c ./rt-thread/components/libc/compilers/newlib/stdio.o
                0x60055144                libc_stdio_set_console
                0x6005533c                libc_stdio_get_console
 .text          0x60055380      0x750 ./rt-thread/components/libc/compilers/newlib/syscalls.o
                0x60055380                __errno
                0x60055398                _close_r
                0x600553c4                _execve_r
                0x60055400                _fcntl_r
                0x6005543c                _fork_r
                0x6005546c                _fstat_r
                0x600554a4                _getpid_r
                0x600554c8                _isatty_r
                0x6005551c                _kill_r
                0x60055554                _link_r
                0x6005558c                _lseek_r
                0x600555cc                _mkdir_r
                0x60055608                _open_r
                0x60055648                _read_r
                0x60055688                _rename_r
                0x600556c0                _sbrk_r
                0x600556e8                _stat_r
                0x60055720                _times_r
                0x60055754                _unlink_r
                0x60055784                _wait_r
                0x600557b8                _write_r
                0x600557f8                _gettimeofday_r
                0x6005588c                _malloc_r
                0x600558d4                _realloc_r
                0x60055924                _calloc_r
                0x60055974                _free_r
                0x6005599c                exit
                0x600559e4                _system
                0x60055a04                __libc_init_array
                0x60055a1c                abort
                0x60055a68                getuid
                0x60055a84                umask
                0x60055aa8                flock
 .text          0x60055ad0      0x180 ./rt-thread/components/libc/compilers/newlib/time.o
                0x60055ad0                gettimeofday
                0x60055b60                time
                0x60055c38                clock
 .text          0x60055c50      0x710 ./rt-thread/components/libc/aio/posix_aio.o
                0x60055cf8                aio_cancel
                0x60055d94                aio_error
                0x60055e78                aio_fsync
                0x60055fd8                aio_read
                0x60056084                aio_return
                0x600560dc                aio_suspend
                0x600561e4                aio_write
                0x600562cc                lio_listio
                0x600562fc                aio_system_init
 .text          0x60056360     0x1da0 ./rt-thread/components/finsh/cmd.o
                0x60056400                hello
                0x60056420                version
                0x60056674                list_thread
                0x60056a08                list_sem
                0x60056bec                list_event
                0x60056db0                list_mutex
                0x60056f2c                list_mailbox
                0x60057130                list_msgqueue
                0x60057314                list_memheap
                0x60057474                list_mempool
                0x60057694                list_timer
                0x60057830                list_device
                0x600579b0                list
                0x60057c5c                list_prefix
 .text          0x60058100     0x3bcc ./rt-thread/components/finsh/finsh_compiler.o
                0x6005bbd4                finsh_compiler_run
 .text          0x6005bccc       0xbc ./rt-thread/components/finsh/finsh_error.o
                0x6005bccc                finsh_error_init
                0x6005bcf8                finsh_error_set
                0x6005bd30                finsh_errno
                0x6005bd54                finsh_error_string
 .text          0x6005bd88      0x6f0 ./rt-thread/components/finsh/finsh_heap.o
                0x6005bd88                finsh_heap_init
                0x6005bdfc                finsh_heap_allocate
                0x6005bf2c                finsh_heap_free
 .text          0x6005c478       0xbc ./rt-thread/components/finsh/finsh_init.o
                0x6005c478                finsh_init
                0x6005c4b0                finsh_stack_bottom
                0x6005c4d4                finsh_flush
                0x6005c504                finsh_reset
 .text          0x6005c534      0x430 ./rt-thread/components/finsh/finsh_node.o
                0x6005c534                finsh_node_init
                0x6005c55c                finsh_node_allocate
                0x6005c628                finsh_node_new_id
                0x6005c760                finsh_node_new_char
                0x6005c7b8                finsh_node_new_int
                0x6005c80c                finsh_node_new_long
                0x6005c860                finsh_node_new_string
                0x6005c910                finsh_node_new_ptr
 .text          0x6005c964     0x1c78 ./rt-thread/components/finsh/finsh_ops.o
                0x6005c964                OP_no_op
                0x6005c97c                OP_add_byte
                0x6005c9f4                OP_add_word
                0x6005ca78                OP_add_dword
                0x6005caec                OP_sub_byte
                0x6005cb64                OP_sub_word
                0x6005cbe8                OP_sub_dword
                0x6005cc5c                OP_div_byte
                0x6005ccd8                OP_div_word
                0x6005cd58                OP_div_dword
                0x6005cdd0                OP_mod_byte
                0x6005ce4c                OP_mod_word
                0x6005cecc                OP_mod_dword
                0x6005cf44                OP_mul_byte
                0x6005cfbc                OP_mul_word
                0x6005d040                OP_mul_dword
                0x6005d0b4                OP_and_byte
                0x6005d12c                OP_and_word
                0x6005d1a4                OP_and_dword
                0x6005d218                OP_or_byte
                0x6005d290                OP_or_word
                0x6005d308                OP_or_dword
                0x6005d37c                OP_xor_byte
                0x6005d3f4                OP_xor_word
                0x6005d46c                OP_xor_dword
                0x6005d4e0                OP_bw_byte
                0x6005d528                OP_bw_word
                0x6005d570                OP_bw_dword
                0x6005d5b4                OP_shl_byte
                0x6005d630                OP_shl_word
                0x6005d6ac                OP_shl_dword
                0x6005d720                OP_shr_byte
                0x6005d79c                OP_shr_word
                0x6005d818                OP_shr_dword
                0x6005d88c                OP_ld_byte
                0x6005d8fc                OP_ld_word
                0x6005d994                OP_ld_dword
                0x6005da5c                OP_ld_value_byte
                0x6005db34                OP_ld_value_byte_stack
                0x6005db84                OP_ld_value_word
                0x6005dc5c                OP_ld_value_word_stack
                0x6005dcac                OP_ld_value_dword
                0x6005dd84                OP_ld_value_dword_stack
                0x6005ddd4                OP_st_byte
                0x6005de38                OP_st_word
                0x6005de9c                OP_st_dword
                0x6005df00                OP_pop
                0x6005df34                OP_call
 .text          0x6005e5dc     0x1748 ./rt-thread/components/finsh/finsh_parser.o
                0x6005fa80                finsh_parser_run
                0x6005fcf4                finsh_parser_init
 .text          0x6005fd24     0x12b4 ./rt-thread/components/finsh/finsh_token.o
                0x6005fd24                finsh_token_init
                0x6005fd60                finsh_token_token
                0x6005fdac                finsh_token_get_token
                0x6005fde4                token_get_string
 .text          0x60060fd8      0x4c8 ./rt-thread/components/finsh/finsh_var.o
                0x60060fd8                finsh_var_init
                0x60061000                finsh_var_insert
                0x60061160                finsh_var_delete
                0x60061234                finsh_var_lookup
                0x600612f4                finsh_sysvar_append
                0x600613b8                finsh_sysvar_lookup
 .text          0x600614a0      0x25c ./rt-thread/components/finsh/finsh_vm.o
                0x600614a0                finsh_vm_run
                0x60061564                finsh_syscall_append
                0x60061614                finsh_syscall_lookup
 .text          0x600616fc      0xf2c ./rt-thread/components/finsh/msh.o
                0x600616fc                msh_is_used
                0x60061784                msh_help
                0x6006184c                cmd_ps
                0x60061874                cmd_free
                0x60061ecc                msh_exec
                0x6006208c                msh_auto_complete_path
                0x60062460                msh_auto_complete
 .text          0x60062628      0xb5c ./rt-thread/components/finsh/msh_file.o
                0x60062758                msh_exec_script
                0x600629c0                cmd_ls
                0x60062a14                cmd_cp
                0x60062a84                cmd_mv
                0x60062c94                cmd_cat
                0x60062d28                cmd_rm
                0x60062dbc                cmd_cd
                0x60062e4c                cmd_pwd
                0x60062e84                cmd_mkdir
                0x60062ee8                cmd_mkfs
                0x60062fdc                cmd_df
                0x60063090                cmd_echo
 .text          0x60063184     0x172c ./rt-thread/components/finsh/shell.o
                0x60063184                finsh_set_prompt
                0x6006323c                finsh_get_prompt
                0x6006339c                finsh_get_prompt_mode
                0x600633f0                finsh_set_prompt_mode
                0x600634e8                finsh_set_echo
                0x60063558                finsh_get_echo
                0x60063614                finsh_run_line
                0x60063a04                finsh_thread_entry
                0x6006471c                finsh_system_function_init
                0x60064760                finsh_system_var_init
                0x600647a4                finsh_system_init
 .text          0x600648b0      0x394 ./rt-thread/components/drivers/src/completion.o
                0x60064984                rt_completion_init
                0x600649f0                rt_completion_wait
                0x60064b90                rt_completion_done
 .text          0x60064c44      0x9a0 ./rt-thread/components/drivers/src/dataqueue.o
                0x60064d18                rt_data_queue_init
                0x60064df8                rt_data_queue_push
                0x600650a8                rt_data_queue_pop
                0x600653f4                rt_data_queue_peak
                0x60065504                rt_data_queue_reset
 .text          0x600655e4      0x448 ./rt-thread/components/drivers/src/waitqueue.o
                0x6006571c                rt_wqueue_add
                0x60065768                rt_wqueue_remove
                0x600657a4                __wqueue_default_wake
                0x600657cc                rt_wqueue_wakeup
                0x600658b0                rt_wqueue_wait
 .text          0x60065a2c      0xde4 ./rt-thread/components/drivers/src/workqueue.o
                0x6006619c                rt_workqueue_create
                0x60066288                rt_workqueue_destroy
                0x600662e4                rt_workqueue_dowork
                0x6006635c                rt_workqueue_submit_work
                0x60066428                rt_workqueue_critical_work
                0x6006651c                rt_workqueue_cancel_work
                0x600665b8                rt_workqueue_cancel_work_sync
                0x60066684                rt_workqueue_cancel_all_work
                0x6006670c                rt_delayed_work_init
                0x60066744                rt_work_submit
                0x60066784                rt_work_cancel
                0x600667bc                rt_work_sys_workqueue_init
 .text          0x60066810     0x1a88 ./rt-thread/components/drivers/spi/sfud/src/sfud.o
                0x60066810                sfud_device_init
                0x600668bc                sfud_init
                0x6006696c                sfud_get_device
                0x600669bc                sfud_get_device_num
                0x600669d8                sfud_get_device_table
                0x60066fb8                sfud_read
                0x600670f0                sfud_chip_erase
                0x60067254                sfud_erase
                0x60067b20                sfud_write
                0x60067bc0                sfud_erase_write
                0x60067fcc                sfud_read_status
                0x6006819c                sfud_write_status
 .text          0x60068298      0x9b8 ./rt-thread/components/drivers/spi/sfud/src/sfud_sfdp.o
                0x60068298                sfud_read_sfdp
                0x60068b48                sfud_sfdp_get_suitable_eraser
 .text          0x60068c50      0xd00 ./rt-thread/components/drivers/spi/spi_core.o
                0x60068c50                rt_spi_bus_register
                0x60068cd8                rt_spi_bus_attach_device
                0x60068d88                rt_spi_configure
                0x60068e90                rt_spi_send_then_send
                0x600690b4                rt_spi_send_then_recv
                0x600692d8                rt_spi_transfer
                0x60069488                rt_spi_transfer_message
                0x60069600                rt_spi_take_bus
                0x60069738                rt_spi_release_bus
                0x600697e8                rt_spi_take
                0x6006989c                rt_spi_release
 .text          0x60069950      0x3d8 ./rt-thread/components/drivers/spi/spi_dev.o
                0x60069ac4                rt_spi_bus_device_init
                0x60069cac                rt_spidev_device_init
 .text          0x60069d28     0x1ccc ./rt-thread/components/drivers/spi/spi_flash_sfud.o
                0x6006a4a0                sfud_log_debug
                0x6006a514                sfud_log_info
                0x6006a578                sfud_spi_port_init
                0x6006a630                rt_sfud_flash_probe
                0x6006a9c4                rt_sfud_flash_delete
                0x6006aa84                rt_sfud_flash_find
                0x6006ab44                rt_sfud_flash_find_by_dev_name
 .text          0x6006b9f4     0x2840 ./rt-thread/components/drivers/serial/serial.o
                0x6006dd50                rt_hw_serial_register
                0x6006de14                rt_hw_serial_isr
 .text          0x6006e234      0xf50 ./rt-thread/components/drivers/sdio/block_dev.o
                0x6006e2f4                mmcsd_num_wr_blocks
                0x6006ecd4                rt_mmcsd_blk_probe
                0x6006f090                rt_mmcsd_blk_remove
                0x6006f168                rt_mmcsd_blk_init
 .text          0x6006f184     0x1530 ./rt-thread/components/drivers/sdio/mmc.o
                0x6007000c                mmc_send_op_cond
                0x6007056c                init_mmc
 .text          0x600706b4     0x1658 ./rt-thread/components/drivers/sdio/mmcsd_core.o
                0x60070800                mmcsd_host_lock
                0x60070830                mmcsd_host_unlock
                0x6007085c                mmcsd_req_complete
                0x60070888                mmcsd_send_request
                0x600709b8                mmcsd_send_cmd
                0x60070a40                mmcsd_go_idle
                0x60070afc                mmcsd_spi_read_ocr
                0x60070b88                mmcsd_all_get_cid
                0x60070c1c                mmcsd_get_cid
                0x60070e5c                mmcsd_get_csd
                0x60071134                mmcsd_select_card
                0x60071168                mmcsd_deselect_cards
                0x6007119c                mmcsd_spi_use_crc
                0x6007125c                mmcsd_set_chip_select
                0x60071294                mmcsd_set_clock
                0x60071300                mmcsd_set_bus_mode
                0x60071338                mmcsd_set_bus_width
                0x60071370                mmcsd_set_data_timeout
                0x600715a4                mmcsd_select_voltage
                0x600717cc                mmcsd_wait_cd_changed
                0x60071830                mmcsd_change
                0x60071860                mmcsd_detect
                0x60071ad0                mmcsd_alloc_host
                0x60071ba8                mmcsd_free_host
                0x60071bec                rt_mmcsd_core_init
 .text          0x60071d0c     0x174c ./rt-thread/components/drivers/sdio/sd.o
                0x600728dc                mmcsd_send_app_cmd
                0x60072a34                mmcsd_app_set_bus_width
                0x60072ae4                mmcsd_send_app_op_cond
                0x60072c40                mmcsd_send_if_cond
                0x60072d04                mmcsd_get_card_addr
                0x60072d90                mmcsd_get_scr
                0x600732ec                init_sd
 .text          0x60073458     0x3248 ./rt-thread/components/drivers/sdio/sdio.o
                0x600735a4                sdio_io_send_op_cond
                0x60073714                sdio_io_rw_direct
                0x60073950                sdio_io_rw_extended
                0x60073cd0                sdio_io_rw_extended_block
                0x60073f68                sdio_io_readb
                0x60073fe4                sdio_io_writeb
                0x60074040                sdio_io_readw
                0x600740d0                sdio_io_writew
                0x60074128                sdio_io_readl
                0x600741b4                sdio_io_writel
                0x60074208                sdio_io_read_multi_fifo_b
                0x60074258                sdio_io_write_multi_fifo_b
                0x600742a8                sdio_io_read_multi_incr_b
                0x600742f8                sdio_io_write_multi_incr_b
                0x60074c10                sdio_free_cis
                0x60075708                init_sdio
                0x60075bc8                sdio_attach_irq
                0x60075d30                sdio_detach_irq
                0x60075e80                sdio_irq_wakeup
                0x60075ee8                sdio_enable_func
                0x60076098                sdio_disable_func
                0x600761a8                sdio_set_drvdata
                0x600761d8                sdio_get_drvdata
                0x60076200                sdio_set_block_size
                0x60076488                sdio_register_driver
                0x60076560                sdio_unregister_driver
                0x60076688                rt_sdio_init
 .text          0x600766a0      0x424 ./rt-thread/components/drivers/rtc/rtc.o
                0x600766a0                set_date
                0x60076780                set_time
                0x60076854                list_date
 .text          0x60076ac4      0x234 ./rt-thread/components/drivers/rtc/soft_rtc.o
                0x60076be0                rt_soft_rtc_init
 .text          0x60076cf8      0xdb0 ./rt-thread/components/drivers/mtd/mtd_nand.o
                0x60076fd0                rt_mtd_nand_register_device
                0x600771f4                mtd_nandid
                0x60077248                mtd_nand_read
                0x600773b4                mtd_nand_readoob
                0x600774a8                mtd_nand_write
                0x60077660                mtd_nand_erase
                0x600776c0                mtd_nand_erase_all
 .text          0x60077aa8      0x5a4 ./rt-thread/components/drivers/misc/pin.o
                0x60077c98                rt_device_pin_register
                0x60077d38                rt_pin_attach_irq
                0x60077de0                rt_pin_detach_irq
                0x60077e6c                rt_pin_irq_enable
                0x60077f00                rt_pin_mode
                0x60077f70                rt_pin_write
                0x60077fe0                rt_pin_read
 .text          0x6007804c      0x314 ./rt-thread/components/drivers/i2c/i2c_core.o
                0x6007804c                rt_i2c_bus_device_register
                0x600780e8                rt_i2c_bus_device_find
                0x6007816c                rt_i2c_transfer
                0x60078218                rt_i2c_master_send
                0x60078298                rt_i2c_master_recv
                0x60078344                rt_i2c_core_init
 .text          0x60078360      0x2f4 ./rt-thread/components/drivers/i2c/i2c_dev.o
                0x600785cc                rt_i2c_bus_device_device_init
 .text          0x60078654      0xe4c ./rt-thread/components/dfs/src/dfs.o
                0x60078654                dfs_init
                0x60078748                dfs_lock
                0x600787b0                dfs_unlock
                0x600789d8                fd_new
                0x60078a94                fd_get
                0x60078b78                fd_put
                0x60078c68                fd_is_open
                0x60078dfc                dfs_subdir
                0x60078e8c                dfs_normalize_path
                0x60079258                dfs_fdtable_get
                0x600792ac                list_fd
 .text          0x600794a0     0x1468 ./rt-thread/components/dfs/src/dfs_file.o
                0x600794a0                dfs_file_open
                0x600796e0                dfs_file_close
                0x60079778                dfs_file_ioctl
                0x6007987c                dfs_file_read
                0x6007991c                dfs_file_getdents
                0x600799a0                dfs_file_unlink
                0x60079b00                dfs_file_write
                0x60079b74                dfs_file_flush
                0x60079bd8                dfs_file_lseek
                0x60079c60                dfs_file_stat
                0x60079e58                dfs_file_rename
                0x60079fd4                dfs_file_ftruncate
                0x6007a084                ls
                0x6007a248                rm
                0x6007a288                cat
                0x6007a6ec                copy
 .text          0x6007a908      0xf44 ./rt-thread/components/dfs/src/dfs_fs.o
                0x6007a908                dfs_register
                0x6007aa40                dfs_filesystem_lookup
                0x6007ab98                dfs_filesystem_get_mounted_path
                0x6007ac30                dfs_filesystem_get_partition
                0x6007ae88                dfs_mount
                0x6007b234                dfs_unmount
                0x6007b3a8                dfs_mkfs
                0x6007b550                dfs_statfs
                0x6007b5c0                mkfs
                0x6007b5ec                df
 .text          0x6007b84c      0xe08 ./rt-thread/components/dfs/src/dfs_posix.o
                0x6007b84c                open
                0x6007b8f0                close
                0x6007b970                read
                0x6007ba00                write
                0x6007ba90                lseek
                0x6007bbac                rename
                0x6007bbfc                unlink
                0x6007bc44                stat
                0x6007bc94                fstat
                0x6007bd5c                fsync
                0x6007bdb8                fcntl
                0x6007be64                ioctl
                0x6007bebc                ftruncate
                0x6007bf68                statfs
                0x6007bfb8                mkdir
                0x6007c068                rmdir
                0x6007c0b0                opendir
                0x6007c198                readdir
                0x6007c2c4                telldir
                0x6007c340                seekdir
                0x6007c3c4                rewinddir
                0x6007c444                closedir
                0x6007c4d4                chdir
                0x6007c5cc                access
                0x6007c614                getcwd
 .text          0x6007c654      0x55c ./rt-thread/components/dfs/src/poll.o
                0x6007cb58                poll
 .text          0x6007cbb0      0x628 ./rt-thread/components/dfs/src/select.o
                0x6007cc1c                select
 .text          0x6007d1d8      0x970 ./rt-thread/components/dfs/filesystems/romfs/dfs_romfs.o
                0x6007d1d8                dfs_romfs_mount
                0x6007d22c                dfs_romfs_unmount
                0x6007d250                dfs_romfs_ioctl
                0x6007d2d8                dfs_romfs_lookup
                0x6007d5e4                dfs_romfs_read
                0x6007d6ec                dfs_romfs_lseek
                0x6007d740                dfs_romfs_close
                0x6007d770                dfs_romfs_open
                0x6007d880                dfs_romfs_stat
                0x6007d954                dfs_romfs_getdents
                0x6007db28                dfs_romfs_init
 .text          0x6007db48      0xe10 ./rt-thread/components/dfs/filesystems/ramfs/dfs_ramfs.o
                0x6007dc44                dfs_ramfs_mount
                0x6007dc98                dfs_ramfs_unmount
                0x6007dcc8                dfs_ramfs_statfs
                0x6007dd74                dfs_ramfs_ioctl
                0x6007dda0                dfs_ramfs_lookup
                0x6007de90                dfs_ramfs_read
                0x6007df7c                dfs_ramfs_write
                0x6007e0fc                dfs_ramfs_lseek
                0x6007e154                dfs_ramfs_close
                0x6007e184                dfs_ramfs_open
                0x6007e450                dfs_ramfs_stat
                0x6007e4e8                dfs_ramfs_getdents
                0x6007e6a8                dfs_ramfs_unlink
                0x6007e75c                dfs_ramfs_rename
                0x6007e824                dfs_ramfs_init
                0x6007e844                dfs_ramfs_create
 .text          0x6007e958      0x2cc ./rt-thread/components/dfs/filesystems/elmfat/option/ccsbcs.o
                0x6007e958                ff_convert
                0x6007ea44                ff_wtoupper
 .text          0x6007ec24     0x1a8c ./rt-thread/components/dfs/filesystems/elmfat/dfs_elm.o
                0x6007ed64                dfs_elm_mount
                0x6007ef74                dfs_elm_unmount
                0x6007f078                dfs_elm_mkfs
                0x6007f280                dfs_elm_statfs
                0x6007f3b0                dfs_elm_open
                0x6007f6c8                dfs_elm_close
                0x6007f7ac                dfs_elm_ioctl
                0x6007f8a0                dfs_elm_read
                0x6007f960                dfs_elm_write
                0x6007fa30                dfs_elm_flush
                0x6007fa9c                dfs_elm_lseek
                0x6007fbe4                dfs_elm_getdents
                0x6007fdf8                dfs_elm_unlink
                0x6007fea8                dfs_elm_rename
                0x6007ff68                dfs_elm_stat
                0x600801c4                elm_init
                0x600801e4                disk_initialize
                0x6008020c                disk_status
                0x60080234                disk_read
                0x600802a8                disk_write
                0x6008031c                disk_ioctl
                0x600804a8                get_fattime
                0x60080558                ff_cre_syncobj
                0x600805cc                ff_del_syncobj
                0x60080600                ff_req_grant
                0x60080640                ff_rel_grant
                0x60080664                ff_memalloc
                0x6008068c                ff_memfree